Archive member included to satisfy reference by file (symbol)

.\CortexM3\ARM_GCC_541\Release\Generic_ParametricPWMRescaling.a(Chip_Select_IMU.o)
                              .\CortexM3\ARM_GCC_541\Release\IMU_functions.o (Chip_Select_IMU_Write)
.\CortexM3\ARM_GCC_541\Release\Generic_ParametricPWMRescaling.a(MOTOR_DIR_1.o)
                              .\CortexM3\ARM_GCC_541\Release\interruptions.o (MOTOR_DIR_1_Write)
.\CortexM3\ARM_GCC_541\Release\Generic_ParametricPWMRescaling.a(EEPROM.o)
                              .\CortexM3\ARM_GCC_541\Release\main.o (EEPROM_Start)
.\CortexM3\ARM_GCC_541\Release\Generic_ParametricPWMRescaling.a(FTDI_ENABLE.o)
                              .\CortexM3\ARM_GCC_541\Release\command_processing.o (FTDI_ENABLE_Write)
.\CortexM3\ARM_GCC_541\Release\Generic_ParametricPWMRescaling.a(RS485_CTS.o)
                              .\CortexM3\ARM_GCC_541\Release\command_processing.o (RS485_CTS_Write)
.\CortexM3\ARM_GCC_541\Release\Generic_ParametricPWMRescaling.a(CLOCK_PWM.o)
                              .\CortexM3\ARM_GCC_541\Release\utils.o (CLOCK_PWM_SetDividerRegister)
.\CortexM3\ARM_GCC_541\Release\Generic_ParametricPWMRescaling.a(PWM_MOTORS.o)
                              .\CortexM3\ARM_GCC_541\Release\main.o (PWM_MOTORS_Start)
.\CortexM3\ARM_GCC_541\Release\Generic_ParametricPWMRescaling.a(PACER_TIMER.o)
                              .\CortexM3\ARM_GCC_541\Release\main.o (PACER_TIMER_Start)
.\CortexM3\ARM_GCC_541\Release\Generic_ParametricPWMRescaling.a(RESET_FF.o)
                              .\CortexM3\ARM_GCC_541\Release\main.o (RESET_FF_Write)
.\CortexM3\ARM_GCC_541\Release\Generic_ParametricPWMRescaling.a(FF_STATUS.o)
                              .\CortexM3\ARM_GCC_541\Release\main.o (FF_STATUS_Read)
.\CortexM3\ARM_GCC_541\Release\Generic_ParametricPWMRescaling.a(MY_TIMER.o)
                              .\CortexM3\ARM_GCC_541\Release\main.o (MY_TIMER_Start)
.\CortexM3\ARM_GCC_541\Release\Generic_ParametricPWMRescaling.a(UART_RS485.o)
                              .\CortexM3\ARM_GCC_541\Release\main.o (UART_RS485_Start)
.\CortexM3\ARM_GCC_541\Release\Generic_ParametricPWMRescaling.a(UART_RS485_INT.o)
                              .\CortexM3\ARM_GCC_541\Release\Generic_ParametricPWMRescaling.a(UART_RS485.o) (UART_RS485_RXISR)
.\CortexM3\ARM_GCC_541\Release\Generic_ParametricPWMRescaling.a(ISR_RS485_RX.o)
                              .\CortexM3\ARM_GCC_541\Release\command_processing.o (ISR_RS485_RX_Disable)
.\CortexM3\ARM_GCC_541\Release\Generic_ParametricPWMRescaling.a(CLOCK_UART.o)
                              .\CortexM3\ARM_GCC_541\Release\command_processing.o (CLOCK_UART_SetDividerRegister)
.\CortexM3\ARM_GCC_541\Release\Generic_ParametricPWMRescaling.a(CYCLES_TIMER.o)
                              .\CortexM3\ARM_GCC_541\Release\main.o (CYCLES_TIMER_Start)
.\CortexM3\ARM_GCC_541\Release\Generic_ParametricPWMRescaling.a(ISR_CYCLES.o)
                              .\CortexM3\ARM_GCC_541\Release\main.o (ISR_CYCLES_StartEx)
.\CortexM3\ARM_GCC_541\Release\Generic_ParametricPWMRescaling.a(Bootloadable.o)
                              .\CortexM3\ARM_GCC_541\Release\command_processing.o (Bootloadable_Load)
.\CortexM3\ARM_GCC_541\Release\Generic_ParametricPWMRescaling.a(CS_RTC.o)
                              .\CortexM3\ARM_GCC_541\Release\SD_RTC_functions.o (CS_RTC_Write)
.\CortexM3\ARM_GCC_541\Release\Generic_ParametricPWMRescaling.a(CLK_RTC.o)
                              .\CortexM3\ARM_GCC_541\Release\SD_RTC_functions.o (CLK_RTC_Write)
.\CortexM3\ARM_GCC_541\Release\Generic_ParametricPWMRescaling.a(MOSI_RTC.o)
                              .\CortexM3\ARM_GCC_541\Release\SD_RTC_functions.o (MOSI_RTC_Write)
.\CortexM3\ARM_GCC_541\Release\Generic_ParametricPWMRescaling.a(MISO_RTC.o)
                              .\CortexM3\ARM_GCC_541\Release\SD_RTC_functions.o (MISO_RTC_Read)
.\CortexM3\ARM_GCC_541\Release\Generic_ParametricPWMRescaling.a(SPI_IMU.o)
                              .\CortexM3\ARM_GCC_541\Release\main.o (SPI_IMU_Init)
.\CortexM3\ARM_GCC_541\Release\Generic_ParametricPWMRescaling.a(MOTOR_DIR_2.o)
                              .\CortexM3\ARM_GCC_541\Release\interruptions.o (MOTOR_DIR_2_Write)
.\CortexM3\ARM_GCC_541\Release\Generic_ParametricPWMRescaling.a(BLINK_05HZ.o)
                              .\CortexM3\ARM_GCC_541\Release\main.o (BLINK_05HZ_Start)
.\CortexM3\ARM_GCC_541\Release\Generic_ParametricPWMRescaling.a(LED_CTRL.o)
                              .\CortexM3\ARM_GCC_541\Release\utils.o (LED_CTRL_Write)
.\CortexM3\ARM_GCC_541\Release\Generic_ParametricPWMRescaling.a(BLINK_CTRL_EN.o)
                              .\CortexM3\ARM_GCC_541\Release\utils.o (BLINK_CTRL_EN_Write)
.\CortexM3\ARM_GCC_541\Release\Generic_ParametricPWMRescaling.a(BLINK_25HZ.o)
                              .\CortexM3\ARM_GCC_541\Release\main.o (BLINK_25HZ_Start)
.\CortexM3\ARM_GCC_541\Release\Generic_ParametricPWMRescaling.a(ADC_N_CHANNELS_USED.o)
[...]
Memory Configuration

Name             Origin             Length             Attributes
rom              0x00000000         0x00040000         xr
ram              0x1fff8000         0x00010000         xrw
*default*        0x00000000         0xffffffff

Linker script and memory map

LOAD c:/program files (x86)/cypress/psoc creator/4.4/psoc creator/import/gnu/arm/5.4.1/bin/../lib/gcc/arm-none-eabi/5.4.1/armv7-m/crti.o
LOAD c:/program files (x86)/cypress/psoc creator/4.4/psoc creator/import/gnu/arm/5.4.1/bin/../lib/gcc/arm-none-eabi/5.4.1/armv7-m/crtbegin.o
LOAD c:/program files (x86)/cypress/psoc creator/4.4/psoc creator/import/gnu/arm/5.4.1/bin/../lib/gcc/arm-none-eabi/5.4.1/../../../../arm-none-eabi/lib/armv7-m/crt0.o
START GROUP
LOAD .\CortexM3\ARM_GCC_541\Release\command_processing.o
LOAD .\CortexM3\ARM_GCC_541\Release\Encoder_functions.o
LOAD .\CortexM3\ARM_GCC_541\Release\globals.o
LOAD .\CortexM3\ARM_GCC_541\Release\IMU_functions.o
LOAD .\CortexM3\ARM_GCC_541\Release\interruptions.o
LOAD .\CortexM3\ARM_GCC_541\Release\main.o
LOAD .\CortexM3\ARM_GCC_541\Release\SD_RTC_functions.o
LOAD .\CortexM3\ARM_GCC_541\Release\utils.o
LOAD .\CortexM3\ARM_GCC_541\Release\cyfitter_cfg.o
LOAD .\CortexM3\ARM_GCC_541\Release\cybootloader.o
LOAD .\CortexM3\ARM_GCC_541\Release\cymetadata.o
LOAD .\CortexM3\ARM_GCC_541\Release\Cm3Start.o
LOAD .\CortexM3\ARM_GCC_541\Release\Generic_ParametricPWMRescaling.a
LOAD C:\Program Files (x86)\Cypress\PSoC Creator\4.4\PSoC Creator\psoc\content\cycomponentlibrary\CyComponentLibrary.cylib\CortexM3\ARM_GCC_541\Release\CyComponentLibrary.a
LOAD ..\src\emFile_V322c\LinkLibrary\PSoC5\GCC\libemf16noslfn.a
LOAD c:/program files (x86)/cypress/psoc creator/4.4/psoc creator/import/gnu/arm/5.4.1/bin/../lib/gcc/arm-none-eabi/5.4.1/../../../../arm-none-eabi/lib/armv7-m\libm.a
END GROUP
START GROUP
LOAD c:/program files (x86)/cypress/psoc creator/4.4/psoc creator/import/gnu/arm/5.4.1/bin/../lib/gcc/arm-none-eabi/5.4.1/armv7-m\libgcc.a
LOAD c:/program files (x86)/cypress/psoc creator/4.4/psoc creator/import/gnu/arm/5.4.1/bin/../lib/gcc/arm-none-eabi/5.4.1/../../../../arm-none-eabi/lib/armv7-m\libg_nano.a
LOAD c:/program files (x86)/cypress/psoc creator/4.4/psoc creator/import/gnu/arm/5.4.1/bin/../lib/gcc/arm-none-eabi/5.4.1/../../../../arm-none-eabi/lib/armv7-m\libc_nano.a
END GROUP
START GROUP
LOAD c:/program files (x86)/cypress/psoc creator/4.4/psoc creator/import/gnu/arm/5.4.1/bin/../lib/gcc/arm-none-eabi/5.4.1/armv7-m\libgcc.a
LOAD c:/program files (x86)/cypress/psoc creator/4.4/psoc creator/import/gnu/arm/5.4.1/bin/../lib/gcc/arm-none-eabi/5.4.1/../../../../arm-none-eabi/lib/armv7-m\libc_nano.a
END GROUP
LOAD c:/program files (x86)/cypress/psoc creator/4.4/psoc creator/import/gnu/arm/5.4.1/bin/../lib/gcc/arm-none-eabi/5.4.1/armv7-m/crtend.o
LOAD c:/program files (x86)/cypress/psoc creator/4.4/psoc creator/import/gnu/arm/5.4.1/bin/../lib/gcc/arm-none-eabi/5.4.1/armv7-m/crtn.o
START GROUP
LOAD c:/program files (x86)/cypress/psoc creator/4.4/psoc creator/import/gnu/arm/5.4.1/bin/../lib/gcc/arm-none-eabi/5.4.1/armv7-m\libgcc.a
LOAD c:/program files (x86)/cypress/psoc creator/4.4/psoc creator/import/gnu/arm/5.4.1/bin/../lib/gcc/arm-none-eabi/5.4.1/../../../../arm-none-eabi/lib/armv7-m\libc.a
LOAD c:/program files (x86)/cypress/psoc creator/4.4/psoc creator/import/gnu/arm/5.4.1/bin/../lib/gcc/arm-none-eabi/5.4.1/../../../../arm-none-eabi/lib/armv7-m\libnosys.a
END GROUP
                0x00000000                CY_APPL_ORIGIN = 0x0
                0x00000100                CY_FLASH_ROW_SIZE = 0x100
                0x00000020                CY_ECC_ROW_SIZE = 0x20
                0x00000000                CY_EE_IN_BTLDR = 0x0
                0x00000001                CY_APPL_LOADABLE = 0x1
                0x00000800                CY_EE_SIZE = 0x800
                0x00000001                CY_APPL_NUM = 0x1
                0x00000001                CY_APPL_MAX = 0x1
                0x00000040                CY_METADATA_SIZE = 0x40
                0x00000001                CY_APPL_LOADABLE = 0x1
                0x00000000                CY_CHECKSUM_EXCLUDE_SIZE = ALIGN (0x0, CY_FLASH_ROW_SIZE)
                [!provide]                PROVIDE (__cy_heap_start, _end)
                0x00000001                PROVIDE (__cy_region_num, ((__cy_regions_end - __cy_regions) / 0x10))
                0x20008000                PROVIDE (__cy_stack, (ORIGIN (ram) + LENGTH (ram)))
                [!provide]                PROVIDE (__cy_heap_end, (__cy_stack - 0x800))

.cybootloader   0x00000000     0x1d00
 *(.cybootloader)
 .cybootloader  0x00000000     0x1d00 .\CortexM3\ARM_GCC_541\Release\cybootloader.o
                0x00000000                cy_bootloader
                0x00001d00                appl1_start = CY_APPL_ORIGIN?CY_APPL_ORIGIN:ALIGN (CY_FLASH_ROW_SIZE)
                0x00020e00                appl2_start = (appl1_start + ALIGN ((((LENGTH (rom) - appl1_start) - (0x2 * CY_FLASH_ROW_SIZE)) / 0x2), CY_FLASH_ROW_SIZE))
                0x00001d00                appl_start = (CY_APPL_NUM == 0x1)?appl1_start:appl2_start
                0x000003a0                ecc_offset = ((appl_start / CY_FLASH_ROW_SIZE) * CY_ECC_ROW_SIZE)
                0x00000000                ee_offset = (CY_APPL_LOADABLE && ! (CY_EE_IN_BTLDR))?((CY_EE_SIZE / CY_APPL_MAX) * (CY_APPL_NUM - 0x1)):0x0
                0x00000800                ee_size = (CY_APPL_LOADABLE && ! (CY_EE_IN_BTLDR))?(CY_EE_SIZE / CY_APPL_MAX):CY_EE_SIZE
                0x000003a0                PROVIDE (CY_ECC_OFFSET, ecc_offset)

.text           0x00001d00    0x21770
 CREATE_OBJECT_SYMBOLS
                0x00001d00                PROVIDE (__cy_interrupt_vector, RomVectors)
 *(.romvectors)
 .romvectors    0x00001d00       0x10 .\CortexM3\ARM_GCC_541\Release\Cm3Start.o
                0x00001d00                RomVectors
                0x00000001                ASSERT ((. != __cy_interrupt_vector), No interrupt vector)
                0x00000001                ASSERT (CY_APPL_ORIGIN?(SIZEOF (.cybootloader) <= CY_APPL_ORIGIN):0x1, Wrong image location)
                0x00001d10                PROVIDE (__cy_reset, Reset)
 *(.text.Reset)
 .text.Reset    0x00001d10        0x8 .\CortexM3\ARM_GCC_541\Release\Cm3Start.o
                0x00001d10                Reset
                0x00000001                ASSERT ((. != __cy_reset), No reset code)
 *(.dma_init)
                0x00000001                ASSERT ((((appl_start + .) <= 0x10000) || 0x1), DMA Init must be within the first 64k of flash)
 *(.text .text.* .gnu.linkonce.t.*)
 .text          0x00001d18       0x5c c:/program files (x86)/cypress/psoc creator/4.4/psoc creator/import/gnu/arm/5.4.1/bin/../lib/gcc/arm-none-eabi/5.4.1/armv7-m/crtbegin.o
 .text.commProcess
                0x00001d74      0x51c .\CortexM3\ARM_GCC_541\Release\command_processing.o
                0x00001d74                commProcess
 .text.infoGet  0x00002290      0x164 .\CortexM3\ARM_GCC_541\Release\command_processing.o
                0x00002290                infoGet
 .text.get_param_list
                0x000023f4     0x31d4 .\CortexM3\ARM_GCC_541\Release\command_processing.o
                0x000023f4                get_param_list
 .text.manage_param_list
                0x000055c8     0x1938 .\CortexM3\ARM_GCC_541\Release\command_processing.o
                0x000055c8                manage_param_list
 .text.set_custom_param
                0x00006f00     0x1428 .\CortexM3\ARM_GCC_541\Release\command_processing.o
                0x00006f00                set_custom_param
 .text.get_IMU_param_list
                0x00008328      0xdf4 .\CortexM3\ARM_GCC_541\Release\command_processing.o
                0x00008328                get_IMU_param_list
 .text.setZeros
                0x0000911c       0x90 .\CortexM3\ARM_GCC_541\Release\command_processing.o
                0x0000911c                setZeros
 .text.prepare_generic_info
                0x000091ac     0x2178 .\CortexM3\ARM_GCC_541\Release\command_processing.o
                0x000091ac                prepare_generic_info
 .text.prepare_counter_info
                0x0000b324      0x490 .\CortexM3\ARM_GCC_541\Release\command_processing.o
                0x0000b324                prepare_counter_info
 .text.prepare_R01_info
                0x0000b7b4      0x25c .\CortexM3\ARM_GCC_541\Release\command_processing.o
                0x0000b7b4                prepare_R01_info
 .text.prepare_SD_param_info
                0x0000ba10     0x127c .\CortexM3\ARM_GCC_541\Release\command_processing.o
                0x0000ba10                prepare_SD_param_info
 .text.prepare_SD_legend
                0x0000cc8c       0xdc .\CortexM3\ARM_GCC_541\Release\command_processing.o
                0x0000cc8c                prepare_SD_legend
 .text.prepare_SD_info
                0x0000cd68      0x180 .\CortexM3\ARM_GCC_541\Release\command_processing.o
                0x0000cd68                prepare_SD_info
 .text.prepare_SD_EMG_History_legend
                0x0000cee8       0x28 .\CortexM3\ARM_GCC_541\Release\command_processing.o
                0x0000cee8                prepare_SD_EMG_History_legend
 .text.prepare_SD_EMG_history
                0x0000cf10       0xf0 .\CortexM3\ARM_GCC_541\Release\command_processing.o
                0x0000cf10                prepare_SD_EMG_history
 .text.IMU_reading_info
                0x0000d000      0x374 .\CortexM3\ARM_GCC_541\Release\command_processing.o
                0x0000d000                IMU_reading_info
 .text.commWrite_old_id
                0x0000d374       0x84 .\CortexM3\ARM_GCC_541\Release\command_processing.o
                0x0000d374                commWrite_old_id
 .text.commWrite
                0x0000d3f8       0x88 .\CortexM3\ARM_GCC_541\Release\command_processing.o
                0x0000d3f8                commWrite
 .text.commWriteID
                0x0000d480       0xa0 .\CortexM3\ARM_GCC_541\Release\command_processing.o
                0x0000d480                commWriteID
 .text.LCRChecksum
                0x0000d520       0x40 .\CortexM3\ARM_GCC_541\Release\command_processing.o
                0x0000d520                LCRChecksum
 .text.sendAcknowledgment
                0x0000d560       0x30 .\CortexM3\ARM_GCC_541\Release\command_processing.o
                0x0000d560                sendAcknowledgment
 .text.memStore
                0x0000d590       0x98 .\CortexM3\ARM_GCC_541\Release\command_processing.o
                0x0000d590                memStore
 .text.memRecall
                0x0000d628       0x80 .\CortexM3\ARM_GCC_541\Release\command_processing.o
                0x0000d628                memRecall
 .text.memRestore
                0x0000d6a8       0x5c .\CortexM3\ARM_GCC_541\Release\command_processing.o
                0x0000d6a8                memRestore
 .text.memInit  0x0000d704      0x604 .\CortexM3\ARM_GCC_541\Release\command_processing.o
                0x0000d704                memInit
 .text.cmd_get_measurements
                0x0000dd08      0x194 .\CortexM3\ARM_GCC_541\Release\command_processing.o
                0x0000dd08                cmd_get_measurements
 .text.cmd_get_velocities
                0x0000de9c       0xb8 .\CortexM3\ARM_GCC_541\Release\command_processing.o
                0x0000de9c                cmd_get_velocities
 .text.cmd_get_accelerations
                0x0000df54       0xb8 .\CortexM3\ARM_GCC_541\Release\command_processing.o
                0x0000df54                cmd_get_accelerations
 .text.cmd_get_joystick
                0x0000e00c       0x5c .\CortexM3\ARM_GCC_541\Release\command_processing.o
                0x0000e00c                cmd_get_joystick
 .text.cmd_set_inputs
                0x0000e068      0x230 .\CortexM3\ARM_GCC_541\Release\command_processing.o
                0x0000e068                cmd_set_inputs
 .text.cmd_activate
                0x0000e298       0xbc .\CortexM3\ARM_GCC_541\Release\command_processing.o
                0x0000e298                cmd_activate
 .text.cmd_get_activate
                0x0000e354       0x5c .\CortexM3\ARM_GCC_541\Release\command_processing.o
                0x0000e354                cmd_get_activate
 .text.cmd_get_curr_and_meas
                0x0000e3b0      0x138 .\CortexM3\ARM_GCC_541\Release\command_processing.o
                0x0000e3b0                cmd_get_curr_and_meas
 .text.cmd_get_currents
                0x0000e4e8       0xec .\CortexM3\ARM_GCC_541\Release\command_processing.o
                0x0000e4e8                cmd_get_currents
 .text.cmd_get_currents_for_cuff
                0x0000e5d4       0x64 .\CortexM3\ARM_GCC_541\Release\command_processing.o
                0x0000e5d4                cmd_get_currents_for_cuff
 .text.cmd_set_baudrate
                0x0000e638       0x34 .\CortexM3\ARM_GCC_541\Release\command_processing.o
                0x0000e638                cmd_set_baudrate
 .text.cmd_ping
                0x0000e66c       0x20 .\CortexM3\ARM_GCC_541\Release\command_processing.o
                0x0000e66c                cmd_ping
 .text.cmd_get_inputs
                0x0000e68c       0xa0 .\CortexM3\ARM_GCC_541\Release\command_processing.o
                0x0000e68c                cmd_get_inputs
 .text.cmd_store_params
                0x0000e72c      0x1bc .\CortexM3\ARM_GCC_541\Release\command_processing.o
                0x0000e72c                cmd_store_params
 .text.cmd_get_emg
                0x0000e8e8       0x60 .\CortexM3\ARM_GCC_541\Release\command_processing.o
                0x0000e8e8                cmd_get_emg
 .text.cmd_get_imu_readings
                0x0000e948      0x598 .\CortexM3\ARM_GCC_541\Release\command_processing.o
                0x0000e948                cmd_get_imu_readings
 .text.cmd_get_encoder_map
                0x0000eee0       0x8c .\CortexM3\ARM_GCC_541\Release\command_processing.o
                0x0000eee0                cmd_get_encoder_map
 .text.cmd_get_encoder_raw
                0x0000ef6c       0xec .\CortexM3\ARM_GCC_541\Release\command_processing.o
                0x0000ef6c                cmd_get_encoder_raw
 .text.cmd_get_ADC_map
                0x0000f058       0x5c .\CortexM3\ARM_GCC_541\Release\command_processing.o
                0x0000f058                cmd_get_ADC_map
 .text.cmd_get_ADC_raw
                0x0000f0b4       0xc0 .\CortexM3\ARM_GCC_541\Release\command_processing.o
                0x0000f0b4                cmd_get_ADC_raw
 .text.cmd_get_SD_file
                0x0000f174      0x154 .\CortexM3\ARM_GCC_541\Release\command_processing.o
                0x0000f174                cmd_get_SD_file
 .text.cmd_remove_SD_file
                0x0000f2c8       0xb0 .\CortexM3\ARM_GCC_541\Release\command_processing.o
                0x0000f2c8                cmd_remove_SD_file
 .text.air_chambers_control
                0x0000f378       0x14 .\CortexM3\ARM_GCC_541\Release\command_processing.o
                0x0000f378                air_chambers_control
 .text.emg_activation_velocity_fsm
                0x0000f38c      0x164 .\CortexM3\ARM_GCC_541\Release\command_processing.o
                0x0000f38c                emg_activation_velocity_fsm
 .text.otbk_act_wrist_control
                0x0000f4f0       0x14 .\CortexM3\ARM_GCC_541\Release\command_processing.o
                0x0000f4f0                otbk_act_wrist_control
 .text.drive_slave
                0x0000f504       0x1c .\CortexM3\ARM_GCC_541\Release\command_processing.o
                0x0000f504                drive_slave
 .text.stop_master_device
                0x0000f520        0xc .\CortexM3\ARM_GCC_541\Release\command_processing.o
                0x0000f520                stop_master_device
 .text.deactivate_slaves
                0x0000f52c        0xc .\CortexM3\ARM_GCC_541\Release\command_processing.o
                0x0000f52c                deactivate_slaves
 .text.Change_CS_EncoderLine
                0x0000f538       0x40 .\CortexM3\ARM_GCC_541\Release\Encoder_functions.o
                0x0000f538                Change_CS_EncoderLine
 .text.InitEncoderGeneral
                0x0000f578       0x54 .\CortexM3\ARM_GCC_541\Release\Encoder_functions.o
                0x0000f578                InitEncoderGeneral
 .text.InitEncoderLine
                0x0000f5cc       0x7c .\CortexM3\ARM_GCC_541\Release\Encoder_functions.o
                0x0000f5cc                InitEncoderLine
 .text.ReadEncoderLine
                0x0000f648      0x1e8 .\CortexM3\ARM_GCC_541\Release\Encoder_functions.o
                0x0000f648                ReadEncoderLine
 .text.InitIMU  0x0000f830       0xdc .\CortexM3\ARM_GCC_541\Release\IMU_functions.o
                0x0000f830                InitIMU
 .text.InitIMUMagCal
                0x0000f90c       0xdc .\CortexM3\ARM_GCC_541\Release\IMU_functions.o
                0x0000f90c                InitIMUMagCal
 .text.ChipSelectorIMU
                0x0000f9e8       0x20 .\CortexM3\ARM_GCC_541\Release\IMU_functions.o
                0x0000f9e8                ChipSelectorIMU
 .text.InitIMUgeneral
                0x0000fa08      0x2c0 .\CortexM3\ARM_GCC_541\Release\IMU_functions.o
                0x0000fa08                InitIMUgeneral
 .text.ReadIMU  0x0000fcc8       0xa0 .\CortexM3\ARM_GCC_541\Release\IMU_functions.o
                0x0000fcc8                ReadIMU
 .text.ReadAcc  0x0000fd68      0x104 .\CortexM3\ARM_GCC_541\Release\IMU_functions.o
                0x0000fd68                ReadAcc
 .text.ReadGyro
                0x0000fe6c      0x104 .\CortexM3\ARM_GCC_541\Release\IMU_functions.o
                0x0000fe6c                ReadGyro
 .text.ReadMag  0x0000ff70       0xfc .\CortexM3\ARM_GCC_541\Release\IMU_functions.o
                0x0000ff70                ReadMag
 .text.ReadMagCal
                0x0001006c       0x7c .\CortexM3\ARM_GCC_541\Release\IMU_functions.o
                0x0001006c                ReadMagCal
 .text.ReadQuat
                0x000100e8      0xb10 .\CortexM3\ARM_GCC_541\Release\IMU_functions.o
                0x000100e8                ReadQuat
 .text.ReadAllIMUs
                0x00010bf8      0x288 .\CortexM3\ARM_GCC_541\Release\IMU_functions.o
                0x00010bf8                ReadAllIMUs
 .text.ReadTemp
                0x00010e80       0x5c .\CortexM3\ARM_GCC_541\Release\IMU_functions.o
                0x00010e80                ReadTemp
 .text.WriteControlRegisterIMU
                0x00010edc       0x54 .\CortexM3\ARM_GCC_541\Release\IMU_functions.o
                0x00010edc                WriteControlRegisterIMU
 .text.ReadControlRegisterIMU
                0x00010f30       0x54 .\CortexM3\ARM_GCC_541\Release\IMU_functions.o
                0x00010f30                ReadControlRegisterIMU
 .text.SPI_delay
                0x00010f84       0x2c .\CortexM3\ARM_GCC_541\Release\IMU_functions.o
                0x00010f84                SPI_delay
 .text.ISR_RS485_RX_ExInterrupt
                0x00010fb0       0x18 .\CortexM3\ARM_GCC_541\Release\interruptions.o
                0x00010fb0                ISR_RS485_RX_ExInterrupt
 .text.ISR_CYCLES_Handler
                0x00010fc8       0x20 .\CortexM3\ARM_GCC_541\Release\interruptions.o
                0x00010fc8                ISR_CYCLES_Handler
 .text.interrupt_manager
                0x00010fe8      0x1f4 .\CortexM3\ARM_GCC_541\Release\interruptions.o
                0x00010fe8                interrupt_manager
 .text.function_scheduler
                0x000111dc      0x884 .\CortexM3\ARM_GCC_541\Release\interruptions.o
                0x000111dc                function_scheduler
 .text.compute_reference
                0x00011a60      0x5c4 .\CortexM3\ARM_GCC_541\Release\interruptions.o
                0x00011a60                compute_reference
 .text.compute_SoftHand_2_motors_joystick_reference
                0x00012024      0x334 .\CortexM3\ARM_GCC_541\Release\interruptions.o
                0x00012024                compute_SoftHand_2_motors_joystick_reference
 .text.compute_SoftHand_2_motors_emg_reference
                0x00012358      0x1b0 .\CortexM3\ARM_GCC_541\Release\interruptions.o
                0x00012358                compute_SoftHand_2_motors_emg_reference
 .text.motor_control_SH
                0x00012508      0x70c .\CortexM3\ARM_GCC_541\Release\interruptions.o
                0x00012508                motor_control_SH
 .text.motor_control_generic
                0x00012c14      0x94c .\CortexM3\ARM_GCC_541\Release\interruptions.o
                0x00012c14                motor_control_generic
 .text.encoder_reading_SPI
                0x00013560      0x814 .\CortexM3\ARM_GCC_541\Release\interruptions.o
                0x00013560                encoder_reading_SPI
 .text.analog_read_end
                0x00013d74     0x1254 .\CortexM3\ARM_GCC_541\Release\interruptions.o
                0x00013d74                analog_read_end
 .text.overcurrent_control
                0x00014fc8      0x104 .\CortexM3\ARM_GCC_541\Release\interruptions.o
                0x00014fc8                overcurrent_control
 .text.pwm_limit_search
                0x000150cc       0xd8 .\CortexM3\ARM_GCC_541\Release\interruptions.o
                0x000150cc                pwm_limit_search
 .text.cycles_counter_update
                0x000151a4      0x658 .\CortexM3\ARM_GCC_541\Release\interruptions.o
                0x000151a4                cycles_counter_update
 .text.save_cycles_eeprom
                0x000157fc      0x108 .\CortexM3\ARM_GCC_541\Release\interruptions.o
                0x000157fc                save_cycles_eeprom
 .text.main     0x00015904      0x5b8 .\CortexM3\ARM_GCC_541\Release\main.o
                0x00015904                main
 .text.DS1302_write
                0x00015ebc       0x48 .\CortexM3\ARM_GCC_541\Release\SD_RTC_functions.o
                0x00015ebc                DS1302_write
 .text.DS1302_writeByte
                0x00015f04       0x1c .\CortexM3\ARM_GCC_541\Release\SD_RTC_functions.o
                0x00015f04                DS1302_writeByte
 .text.DS1302_read
                0x00015f20       0x44 .\CortexM3\ARM_GCC_541\Release\SD_RTC_functions.o
                0x00015f20                DS1302_read
 .text.DS1302_readByte
                0x00015f64       0x5c .\CortexM3\ARM_GCC_541\Release\SD_RTC_functions.o
                0x00015f64                DS1302_readByte
 .text.shiftOut_RTC
                0x00015fc0       0x4c .\CortexM3\ARM_GCC_541\Release\SD_RTC_functions.o
                0x00015fc0                shiftOut_RTC
 .text.store_RTC_current_time
                0x0001600c      0x11c .\CortexM3\ARM_GCC_541\Release\SD_RTC_functions.o
                0x0001600c                store_RTC_current_time
 .text.set_RTC_time
                0x00016128      0x16c .\CortexM3\ARM_GCC_541\Release\SD_RTC_functions.o
                0x00016128                set_RTC_time
 .text.InitSD_FS
                0x00016294      0x4f8 .\CortexM3\ARM_GCC_541\Release\SD_RTC_functions.o
                0x00016294                InitSD_FS
 .text.Read_SD_Closed_File
                0x0001678c       0x48 .\CortexM3\ARM_GCC_541\Release\SD_RTC_functions.o
                0x0001678c                Read_SD_Closed_File
 .text.Remove_SD_File
                0x000167d4       0x18 .\CortexM3\ARM_GCC_541\Release\SD_RTC_functions.o
                0x000167d4                Remove_SD_File
 .text.Read_SD_Current_Data
                0x000167ec       0x6c .\CortexM3\ARM_GCC_541\Release\SD_RTC_functions.o
                0x000167ec                Read_SD_Current_Data
 .text.Read_SD_EMG_History_Data
                0x00016858       0x70 .\CortexM3\ARM_GCC_541\Release\SD_RTC_functions.o
                0x00016858                Read_SD_EMG_History_Data
 .text.Get_DirectoriesList
                0x000168c8      0x13c .\CortexM3\ARM_GCC_541\Release\SD_RTC_functions.o
                0x000168c8                Get_DirectoriesList
 .text.Get_SD_FS
                0x00016a04      0x5dc .\CortexM3\ARM_GCC_541\Release\SD_RTC_functions.o
                0x00016a04                Get_SD_FS
 .text.curr_estim
                0x00016fe0      0x25c .\CortexM3\ARM_GCC_541\Release\utils.o
                0x00016fe0                curr_estim
 .text.filter   0x0001723c       0x50 .\CortexM3\ARM_GCC_541\Release\utils.o
                0x0001723c                filter
 .text.my_mod   0x0001728c       0x50 .\CortexM3\ARM_GCC_541\Release\utils.o
                0x0001728c                my_mod
 .text.calibration
                0x000172dc       0xd4 .\CortexM3\ARM_GCC_541\Release\utils.o
                0x000172dc                calibration
 .text.calc_turns_fcn_SH
                0x000173b0       0xc4 .\CortexM3\ARM_GCC_541\Release\utils.o
                0x000173b0                calc_turns_fcn_SH
 .text.calc_turns_fcn
                0x00017474       0x98 .\CortexM3\ARM_GCC_541\Release\utils.o
                0x00017474                calc_turns_fcn
 .text.check_rest_position
                0x0001750c      0x37c .\CortexM3\ARM_GCC_541\Release\utils.o
                0x0001750c                check_rest_position
 .text.LED_control
                0x00017888       0x90 .\CortexM3\ARM_GCC_541\Release\utils.o
                0x00017888                LED_control
 .text.battery_management
                0x00017918      0x300 .\CortexM3\ARM_GCC_541\Release\utils.o
                0x00017918                battery_management
 .text.ADC_Set_N_Channels
                0x00017c18       0x44 .\CortexM3\ARM_GCC_541\Release\utils.o
                0x00017c18                ADC_Set_N_Channels
 .text.enable_motor
                0x00017c5c       0x34 .\CortexM3\ARM_GCC_541\Release\utils.o
                0x00017c5c                enable_motor
 .text.reset_counters
                0x00017c90       0x98 .\CortexM3\ARM_GCC_541\Release\utils.o
                0x00017c90                reset_counters
 .text.invSqrt  0x00017d28       0x78 .\CortexM3\ARM_GCC_541\Release\utils.o
                0x00017d28                invSqrt
 .text.v3_normalize
                0x00017da0       0xb0 .\CortexM3\ARM_GCC_541\Release\utils.o
                0x00017da0                v3_normalize
 .text.v4_normalize
                0x00017e50       0xec .\CortexM3\ARM_GCC_541\Release\utils.o
                0x00017e50                v4_normalize
 .text.update_EMG_history
                0x00017f3c       0x90 .\CortexM3\ARM_GCC_541\Release\utils.o
                0x00017f3c                update_EMG_history
 .text.set_motor_driver_type
                0x00017fcc       0xcc .\CortexM3\ARM_GCC_541\Release\utils.o
                0x00017fcc                set_motor_driver_type
 .text.CYMEMZERO
                0x00018098       0x1c .\CortexM3\ARM_GCC_541\Release\cyfitter_cfg.o
 .text.CYCONFIGCPY
                0x000180b4       0x20 .\CortexM3\ARM_GCC_541\Release\cyfitter_cfg.o
 .text.CyClockStartupError
                0x000180d4        0xc .\CortexM3\ARM_GCC_541\Release\cyfitter_cfg.o
 .text.cfg_write_bytes32
                0x000180e0       0x74 .\CortexM3\ARM_GCC_541\Release\cyfitter_cfg.o
 .text.ClockSetup
                0x00018154      0x1d8 .\CortexM3\ARM_GCC_541\Release\cyfitter_cfg.o
 .text.AnalogSetDefault
                0x0001832c       0x80 .\CortexM3\ARM_GCC_541\Release\cyfitter_cfg.o
 .text.ADC_AMux_Set
                0x000183ac       0x40 .\CortexM3\ARM_GCC_541\Release\cyfitter_cfg.o
                0x000183ac                ADC_AMux_Set
 .text.ADC_AMux_Unset
                0x000183ec       0x44 .\CortexM3\ARM_GCC_541\Release\cyfitter_cfg.o
                0x000183ec                ADC_AMux_Unset
 .text.cyfitter_cfg
                0x00018430      0x1f4 .\CortexM3\ARM_GCC_541\Release\cyfitter_cfg.o
                0x00018430                cyfitter_cfg
 .text.IntDefaultHandler
                0x00018624       0x14 .\CortexM3\ARM_GCC_541\Release\Cm3Start.o
                0x00018624                IntDefaultHandler
 .text._sbrk    0x00018638       0x54 .\CortexM3\ARM_GCC_541\Release\Cm3Start.o
                0x00018638                _sbrk
 .text.Start_c  0x0001868c       0x98 .\CortexM3\ARM_GCC_541\Release\Cm3Start.o
                0x0001868c                Start_c
 .text.initialize_psoc
                0x00018724       0x94 .\CortexM3\ARM_GCC_541\Release\Cm3Start.o
                0x00018724                initialize_psoc
 .text.Chip_Select_IMU_Write
                0x000187b8       0x20 .\CortexM3\ARM_GCC_541\Release\Generic_ParametricPWMRescaling.a(Chip_Select_IMU.o)
                0x000187b8                Chip_Select_IMU_Write
 .text.MOTOR_DIR_1_Write
                0x000187d8       0x20 .\CortexM3\ARM_GCC_541\Release\Generic_ParametricPWMRescaling.a(MOTOR_DIR_1.o)
                0x000187d8                MOTOR_DIR_1_Write
 .text.EEPROM_Enable
                0x000187f8       0x10 .\CortexM3\ARM_GCC_541\Release\Generic_ParametricPWMRescaling.a(EEPROM.o)
                0x000187f8                EEPROM_Enable
 .text.EEPROM_Start
                0x00018808        0xc .\CortexM3\ARM_GCC_541\Release\Generic_ParametricPWMRescaling.a(EEPROM.o)
                0x00018808                EEPROM_Start
 .text.EEPROM_UpdateTemperature
                0x00018814       0x10 .\CortexM3\ARM_GCC_541\Release\Generic_ParametricPWMRescaling.a(EEPROM.o)
                0x00018814                EEPROM_UpdateTemperature
 .text.EEPROM_Write
                0x00018824       0xf0 .\CortexM3\ARM_GCC_541\Release\Generic_ParametricPWMRescaling.a(EEPROM.o)
                0x00018824                EEPROM_Write
 .text.EEPROM_StartWrite
                0x00018914       0xb8 .\CortexM3\ARM_GCC_541\Release\Generic_ParametricPWMRescaling.a(EEPROM.o)
                0x00018914                EEPROM_StartWrite
 .text.EEPROM_Query
                0x000189cc       0x58 .\CortexM3\ARM_GCC_541\Release\Generic_ParametricPWMRescaling.a(EEPROM.o)
                0x000189cc                EEPROM_Query
 .text.FTDI_ENABLE_Write
                0x00018a24       0x3c .\CortexM3\ARM_GCC_541\Release\Generic_ParametricPWMRescaling.a(FTDI_ENABLE.o)
                0x00018a24                FTDI_ENABLE_Write
 .text.RS485_CTS_Write
                0x00018a60       0x3c .\CortexM3\ARM_GCC_541\Release\Generic_ParametricPWMRescaling.a(RS485_CTS.o)
                0x00018a60                RS485_CTS_Write
 .text.CLOCK_PWM_SetDividerRegister
                0x00018a9c      0x164 .\CortexM3\ARM_GCC_541\Release\Generic_ParametricPWMRescaling.a(CLOCK_PWM.o)
                0x00018a9c                CLOCK_PWM_SetDividerRegister
 .text.CLOCK_PWM_GetDividerRegister
                0x00018c00       0x18 .\CortexM3\ARM_GCC_541\Release\Generic_ParametricPWMRescaling.a(CLOCK_PWM.o)
                0x00018c00                CLOCK_PWM_GetDividerRegister
 .text.CLOCK_PWM_GetSourceRegister
                0x00018c18       0x1c .\CortexM3\ARM_GCC_541\Release\Generic_ParametricPWMRescaling.a(CLOCK_PWM.o)
                0x00018c18                CLOCK_PWM_GetSourceRegister
 .text.PWM_MOTORS_Start
                0x00018c34       0x24 .\CortexM3\ARM_GCC_541\Release\Generic_ParametricPWMRescaling.a(PWM_MOTORS.o)
                0x00018c34                PWM_MOTORS_Start
 .text.PWM_MOTORS_Init
                0x00018c58       0x6c .\CortexM3\ARM_GCC_541\Release\Generic_ParametricPWMRescaling.a(PWM_MOTORS.o)
                0x00018c58                PWM_MOTORS_Init
 .text.PWM_MOTORS_Enable
                0x00018cc4       0x20 .\CortexM3\ARM_GCC_541\Release\Generic_ParametricPWMRescaling.a(PWM_MOTORS.o)
                0x00018cc4                PWM_MOTORS_Enable
 .text.PWM_MOTORS_WriteCounter
                0x00018ce4       0x20 .\CortexM3\ARM_GCC_541\Release\Generic_ParametricPWMRescaling.a(PWM_MOTORS.o)
                0x00018ce4                PWM_MOTORS_WriteCounter
 .text.PWM_MOTORS_WritePeriod
                0x00018d04       0x20 .\CortexM3\ARM_GCC_541\Release\Generic_ParametricPWMRescaling.a(PWM_MOTORS.o)
                0x00018d04                PWM_MOTORS_WritePeriod
 .text.PWM_MOTORS_WriteCompare1
                0x00018d24       0x20 .\CortexM3\ARM_GCC_541\Release\Generic_ParametricPWMRescaling.a(PWM_MOTORS.o)
                0x00018d24                PWM_MOTORS_WriteCompare1
 .text.PWM_MOTORS_WriteCompare2
                0x00018d44       0x20 .\CortexM3\ARM_GCC_541\Release\Generic_ParametricPWMRescaling.a(PWM_MOTORS.o)
                0x00018d44                PWM_MOTORS_WriteCompare2
 .text.PACER_TIMER_Init
                0x00018d64       0xa0 .\CortexM3\ARM_GCC_541\Release\Generic_ParametricPWMRescaling.a(PACER_TIMER.o)
                0x00018d64                PACER_TIMER_Init
 .text.PACER_TIMER_Enable
                0x00018e04       0x48 .\CortexM3\ARM_GCC_541\Release\Generic_ParametricPWMRescaling.a(PACER_TIMER.o)
                0x00018e04                PACER_TIMER_Enable
 .text.PACER_TIMER_Start
                0x00018e4c       0x24 .\CortexM3\ARM_GCC_541\Release\Generic_ParametricPWMRescaling.a(PACER_TIMER.o)
                0x00018e4c                PACER_TIMER_Start
 .text.PACER_TIMER_SetInterruptMode
                0x00018e70       0x20 .\CortexM3\ARM_GCC_541\Release\Generic_ParametricPWMRescaling.a(PACER_TIMER.o)
                0x00018e70                PACER_TIMER_SetInterruptMode
 .text.PACER_TIMER_WritePeriod
                0x00018e90       0x24 .\CortexM3\ARM_GCC_541\Release\Generic_ParametricPWMRescaling.a(PACER_TIMER.o)
                0x00018e90                PACER_TIMER_WritePeriod
 .text.PACER_TIMER_WriteCounter
                0x00018eb4       0x20 .\CortexM3\ARM_GCC_541\Release\Generic_ParametricPWMRescaling.a(PACER_TIMER.o)
                0x00018eb4                PACER_TIMER_WriteCounter
 .text.RESET_FF_Write
                0x00018ed4       0x20 .\CortexM3\ARM_GCC_541\Release\Generic_ParametricPWMRescaling.a(RESET_FF.o)
                0x00018ed4                RESET_FF_Write
 .text.FF_STATUS_Read
                0x00018ef4       0x18 .\CortexM3\ARM_GCC_541\Release\Generic_ParametricPWMRescaling.a(FF_STATUS.o)
                0x00018ef4                FF_STATUS_Read
 .text.MY_TIMER_Init
                0x00018f0c       0xa0 .\CortexM3\ARM_GCC_541\Release\Generic_ParametricPWMRescaling.a(MY_TIMER.o)
                0x00018f0c                MY_TIMER_Init
 .text.MY_TIMER_Enable
                0x00018fac       0x48 .\CortexM3\ARM_GCC_541\Release\Generic_ParametricPWMRescaling.a(MY_TIMER.o)
                0x00018fac                MY_TIMER_Enable
 .text.MY_TIMER_Start
                0x00018ff4       0x24 .\CortexM3\ARM_GCC_541\Release\Generic_ParametricPWMRescaling.a(MY_TIMER.o)
                0x00018ff4                MY_TIMER_Start
 .text.MY_TIMER_SetInterruptMode
                0x00019018       0x20 .\CortexM3\ARM_GCC_541\Release\Generic_ParametricPWMRescaling.a(MY_TIMER.o)
                0x00019018                MY_TIMER_SetInterruptMode
 .text.MY_TIMER_WritePeriod
                0x00019038       0x24 .\CortexM3\ARM_GCC_541\Release\Generic_ParametricPWMRescaling.a(MY_TIMER.o)
                0x00019038                MY_TIMER_WritePeriod
 .text.MY_TIMER_WriteCounter
                0x0001905c       0x20 .\CortexM3\ARM_GCC_541\Release\Generic_ParametricPWMRescaling.a(MY_TIMER.o)
                0x0001905c                MY_TIMER_WriteCounter
 .text.MY_TIMER_ReadCounter
                0x0001907c       0x20 .\CortexM3\ARM_GCC_541\Release\Generic_ParametricPWMRescaling.a(MY_TIMER.o)
                0x0001907c                MY_TIMER_ReadCounter
 .text.UART_RS485_Start
                0x0001909c       0x24 .\CortexM3\ARM_GCC_541\Release\Generic_ParametricPWMRescaling.a(UART_RS485.o)
                0x0001909c                UART_RS485_Start
 .text.UART_RS485_Init
                0x000190c0       0x58 .\CortexM3\ARM_GCC_541\Release\Generic_ParametricPWMRescaling.a(UART_RS485.o)
                0x000190c0                UART_RS485_Init
 .text.UART_RS485_Enable
                0x00019118       0x64 .\CortexM3\ARM_GCC_541\Release\Generic_ParametricPWMRescaling.a(UART_RS485.o)
                0x00019118                UART_RS485_Enable
 .text.UART_RS485_Stop
                0x0001917c       0x64 .\CortexM3\ARM_GCC_541\Release\Generic_ParametricPWMRescaling.a(UART_RS485.o)
                0x0001917c                UART_RS485_Stop
 .text.UART_RS485_ReadRxStatus
                0x000191e0       0x40 .\CortexM3\ARM_GCC_541\Release\Generic_ParametricPWMRescaling.a(UART_RS485.o)
                0x000191e0                UART_RS485_ReadRxStatus
 .text.UART_RS485_GetChar
                0x00019220       0xb4 .\CortexM3\ARM_GCC_541\Release\Generic_ParametricPWMRescaling.a(UART_RS485.o)
                0x00019220                UART_RS485_GetChar
 .text.UART_RS485_GetRxBufferSize
                0x000192d4       0x90 .\CortexM3\ARM_GCC_541\Release\Generic_ParametricPWMRescaling.a(UART_RS485.o)
                0x000192d4                UART_RS485_GetRxBufferSize
 .text.UART_RS485_ClearRxBuffer
                0x00019364       0x80 .\CortexM3\ARM_GCC_541\Release\Generic_ParametricPWMRescaling.a(UART_RS485.o)
                0x00019364                UART_RS485_ClearRxBuffer
 .text.UART_RS485_ReadTxStatus
                0x000193e4       0x18 .\CortexM3\ARM_GCC_541\Release\Generic_ParametricPWMRescaling.a(UART_RS485.o)
                0x000193e4                UART_RS485_ReadTxStatus
 .text.UART_RS485_PutChar
                0x000193fc       0x34 .\CortexM3\ARM_GCC_541\Release\Generic_ParametricPWMRescaling.a(UART_RS485.o)
                0x000193fc                UART_RS485_PutChar
 .text.UART_RS485_PutString
                0x00019430       0x44 .\CortexM3\ARM_GCC_541\Release\Generic_ParametricPWMRescaling.a(UART_RS485.o)
                0x00019430                UART_RS485_PutString
 .text.UART_RS485_ClearTxBuffer
                0x00019474       0x44 .\CortexM3\ARM_GCC_541\Release\Generic_ParametricPWMRescaling.a(UART_RS485.o)
                0x00019474                UART_RS485_ClearTxBuffer
 .text.UART_RS485_RXISR
                0x000194b8       0xd8 .\CortexM3\ARM_GCC_541\Release\Generic_ParametricPWMRescaling.a(UART_RS485_INT.o)
                0x000194b8                UART_RS485_RXISR
 .text.ISR_RS485_RX_StartEx
                0x00019590       0x24 .\CortexM3\ARM_GCC_541\Release\Generic_ParametricPWMRescaling.a(ISR_RS485_RX.o)
                0x00019590                ISR_RS485_RX_StartEx
 .text.ISR_RS485_RX_SetVector
                0x000195b4       0x24 .\CortexM3\ARM_GCC_541\Release\Generic_ParametricPWMRescaling.a(ISR_RS485_RX.o)
                0x000195b4                ISR_RS485_RX_SetVector
 .text.ISR_RS485_RX_SetPriority
                0x000195d8       0x24 .\CortexM3\ARM_GCC_541\Release\Generic_ParametricPWMRescaling.a(ISR_RS485_RX.o)
                0x000195d8                ISR_RS485_RX_SetPriority
 .text.ISR_RS485_RX_Enable
                0x000195fc       0x18 .\CortexM3\ARM_GCC_541\Release\Generic_ParametricPWMRescaling.a(ISR_RS485_RX.o)
                0x000195fc                ISR_RS485_RX_Enable
 .text.ISR_RS485_RX_Disable
                0x00019614       0x18 .\CortexM3\ARM_GCC_541\Release\Generic_ParametricPWMRescaling.a(ISR_RS485_RX.o)
                0x00019614                ISR_RS485_RX_Disable
 .text.CLOCK_UART_SetDividerRegister
                0x0001962c      0x164 .\CortexM3\ARM_GCC_541\Release\Generic_ParametricPWMRescaling.a(CLOCK_UART.o)
                0x0001962c                CLOCK_UART_SetDividerRegister
 .text.CLOCK_UART_GetDividerRegister
                0x00019790       0x18 .\CortexM3\ARM_GCC_541\Release\Generic_ParametricPWMRescaling.a(CLOCK_UART.o)
                0x00019790                CLOCK_UART_GetDividerRegister
 .text.CLOCK_UART_GetSourceRegister
                0x000197a8       0x1c .\CortexM3\ARM_GCC_541\Release\Generic_ParametricPWMRescaling.a(CLOCK_UART.o)
                0x000197a8                CLOCK_UART_GetSourceRegister
 .text.CYCLES_TIMER_Init
                0x000197c4       0xa0 .\CortexM3\ARM_GCC_541\Release\Generic_ParametricPWMRescaling.a(CYCLES_TIMER.o)
                0x000197c4                CYCLES_TIMER_Init
 .text.CYCLES_TIMER_Enable
                0x00019864       0x48 .\CortexM3\ARM_GCC_541\Release\Generic_ParametricPWMRescaling.a(CYCLES_TIMER.o)
                0x00019864                CYCLES_TIMER_Enable
 .text.CYCLES_TIMER_Start
                0x000198ac       0x24 .\CortexM3\ARM_GCC_541\Release\Generic_ParametricPWMRescaling.a(CYCLES_TIMER.o)
                0x000198ac                CYCLES_TIMER_Start
 .text.CYCLES_TIMER_SetInterruptMode
                0x000198d0       0x20 .\CortexM3\ARM_GCC_541\Release\Generic_ParametricPWMRescaling.a(CYCLES_TIMER.o)
                0x000198d0                CYCLES_TIMER_SetInterruptMode
 .text.CYCLES_TIMER_WritePeriod
                0x000198f0       0x24 .\CortexM3\ARM_GCC_541\Release\Generic_ParametricPWMRescaling.a(CYCLES_TIMER.o)
                0x000198f0                CYCLES_TIMER_WritePeriod
 .text.CYCLES_TIMER_WriteCounter
                0x00019914       0x20 .\CortexM3\ARM_GCC_541\Release\Generic_ParametricPWMRescaling.a(CYCLES_TIMER.o)
                0x00019914                CYCLES_TIMER_WriteCounter
 .text.CYCLES_TIMER_ReadCounter
                0x00019934       0x20 .\CortexM3\ARM_GCC_541\Release\Generic_ParametricPWMRescaling.a(CYCLES_TIMER.o)
                0x00019934                CYCLES_TIMER_ReadCounter
 .text.ISR_CYCLES_StartEx
                0x00019954       0x24 .\CortexM3\ARM_GCC_541\Release\Generic_ParametricPWMRescaling.a(ISR_CYCLES.o)
                0x00019954                ISR_CYCLES_StartEx
 .text.ISR_CYCLES_SetVector
                0x00019978       0x24 .\CortexM3\ARM_GCC_541\Release\Generic_ParametricPWMRescaling.a(ISR_CYCLES.o)
                0x00019978                ISR_CYCLES_SetVector
 .text.ISR_CYCLES_SetPriority
                0x0001999c       0x24 .\CortexM3\ARM_GCC_541\Release\Generic_ParametricPWMRescaling.a(ISR_CYCLES.o)
                0x0001999c                ISR_CYCLES_SetPriority
 .text.ISR_CYCLES_Enable
                0x000199c0       0x18 .\CortexM3\ARM_GCC_541\Release\Generic_ParametricPWMRescaling.a(ISR_CYCLES.o)
                0x000199c0                ISR_CYCLES_Enable
 .text.ISR_CYCLES_Disable
                0x000199d8       0x18 .\CortexM3\ARM_GCC_541\Release\Generic_ParametricPWMRescaling.a(ISR_CYCLES.o)
                0x000199d8                ISR_CYCLES_Disable
 .text.Bootloadable_Load
                0x000199f0       0x18 .\CortexM3\ARM_GCC_541\Release\Generic_ParametricPWMRescaling.a(Bootloadable.o)
                0x000199f0                Bootloadable_Load
 .text.CS_RTC_Write
                0x00019a08       0x3c .\CortexM3\ARM_GCC_541\Release\Generic_ParametricPWMRescaling.a(CS_RTC.o)
                0x00019a08                CS_RTC_Write
 .text.CLK_RTC_Write
                0x00019a44       0x3c .\CortexM3\ARM_GCC_541\Release\Generic_ParametricPWMRescaling.a(CLK_RTC.o)
                0x00019a44                CLK_RTC_Write
 .text.MOSI_RTC_Write
                0x00019a80       0x3c .\CortexM3\ARM_GCC_541\Release\Generic_ParametricPWMRescaling.a(MOSI_RTC.o)
                0x00019a80                MOSI_RTC_Write
 .text.MISO_RTC_Read
                0x00019abc       0x20 .\CortexM3\ARM_GCC_541\Release\Generic_ParametricPWMRescaling.a(MISO_RTC.o)
                0x00019abc                MISO_RTC_Read
 .text.SPI_IMU_Init
                0x00019adc       0x34 .\CortexM3\ARM_GCC_541\Release\Generic_ParametricPWMRescaling.a(SPI_IMU.o)
                0x00019adc                SPI_IMU_Init
 .text.SPI_IMU_Enable
                0x00019b10       0x64 .\CortexM3\ARM_GCC_541\Release\Generic_ParametricPWMRescaling.a(SPI_IMU.o)
                0x00019b10                SPI_IMU_Enable
 .text.SPI_IMU_Start
                0x00019b74       0x24 .\CortexM3\ARM_GCC_541\Release\Generic_ParametricPWMRescaling.a(SPI_IMU.o)
                0x00019b74                SPI_IMU_Start
 .text.SPI_IMU_EnableTxInt
                0x00019b98        0xc .\CortexM3\ARM_GCC_541\Release\Generic_ParametricPWMRescaling.a(SPI_IMU.o)
                0x00019b98                SPI_IMU_EnableTxInt
 .text.SPI_IMU_EnableRxInt
                0x00019ba4        0xc .\CortexM3\ARM_GCC_541\Release\Generic_ParametricPWMRescaling.a(SPI_IMU.o)
                0x00019ba4                SPI_IMU_EnableRxInt
 .text.SPI_IMU_ReadTxStatus
                0x00019bb0       0x1c .\CortexM3\ARM_GCC_541\Release\Generic_ParametricPWMRescaling.a(SPI_IMU.o)
                0x00019bb0                SPI_IMU_ReadTxStatus
 .text.SPI_IMU_ReadRxStatus
                0x00019bcc       0x1c .\CortexM3\ARM_GCC_541\Release\Generic_ParametricPWMRescaling.a(SPI_IMU.o)
                0x00019bcc                SPI_IMU_ReadRxStatus
 .text.SPI_IMU_WriteTxData
                0x00019be8       0x34 .\CortexM3\ARM_GCC_541\Release\Generic_ParametricPWMRescaling.a(SPI_IMU.o)
                0x00019be8                SPI_IMU_WriteTxData
 .text.SPI_IMU_ReadRxData
                0x00019c1c       0x1c .\CortexM3\ARM_GCC_541\Release\Generic_ParametricPWMRescaling.a(SPI_IMU.o)
                0x00019c1c                SPI_IMU_ReadRxData
 .text.SPI_IMU_ClearRxBuffer
                0x00019c38       0x28 .\CortexM3\ARM_GCC_541\Release\Generic_ParametricPWMRescaling.a(SPI_IMU.o)
                0x00019c38                SPI_IMU_ClearRxBuffer
 .text.SPI_IMU_ClearTxBuffer
                0x00019c60       0x44 .\CortexM3\ARM_GCC_541\Release\Generic_ParametricPWMRescaling.a(SPI_IMU.o)
                0x00019c60                SPI_IMU_ClearTxBuffer
 .text.SPI_IMU_ClearFIFO
                0x00019ca4       0x60 .\CortexM3\ARM_GCC_541\Release\Generic_ParametricPWMRescaling.a(SPI_IMU.o)
                0x00019ca4                SPI_IMU_ClearFIFO
 .text.SPI_IMU_ReadStatus
                0x00019d04       0x34 .\CortexM3\ARM_GCC_541\Release\Generic_ParametricPWMRescaling.a(SPI_IMU.o)
                0x00019d04                SPI_IMU_ReadStatus
 .text.MOTOR_DIR_2_Write
                0x00019d38       0x20 .\CortexM3\ARM_GCC_541\Release\Generic_ParametricPWMRescaling.a(MOTOR_DIR_2.o)
                0x00019d38                MOTOR_DIR_2_Write
 .text.BLINK_05HZ_Start
                0x00019d58       0x24 .\CortexM3\ARM_GCC_541\Release\Generic_ParametricPWMRescaling.a(BLINK_05HZ.o)
                0x00019d58                BLINK_05HZ_Start
 .text.BLINK_05HZ_Init
                0x00019d7c       0x6c .\CortexM3\ARM_GCC_541\Release\Generic_ParametricPWMRescaling.a(BLINK_05HZ.o)
                0x00019d7c                BLINK_05HZ_Init
 .text.BLINK_05HZ_Enable
                0x00019de8       0x20 .\CortexM3\ARM_GCC_541\Release\Generic_ParametricPWMRescaling.a(BLINK_05HZ.o)
                0x00019de8                BLINK_05HZ_Enable
 .text.BLINK_05HZ_WriteCounter
                0x00019e08       0x20 .\CortexM3\ARM_GCC_541\Release\Generic_ParametricPWMRescaling.a(BLINK_05HZ.o)
                0x00019e08                BLINK_05HZ_WriteCounter
 .text.BLINK_05HZ_WritePeriod
                0x00019e28       0x20 .\CortexM3\ARM_GCC_541\Release\Generic_ParametricPWMRescaling.a(BLINK_05HZ.o)
                0x00019e28                BLINK_05HZ_WritePeriod
 .text.BLINK_05HZ_WriteCompare
                0x00019e48       0x20 .\CortexM3\ARM_GCC_541\Release\Generic_ParametricPWMRescaling.a(BLINK_05HZ.o)
                0x00019e48                BLINK_05HZ_WriteCompare
 .text.LED_CTRL_Write
                0x00019e68       0x20 .\CortexM3\ARM_GCC_541\Release\Generic_ParametricPWMRescaling.a(LED_CTRL.o)
                0x00019e68                LED_CTRL_Write
 .text.BLINK_CTRL_EN_Write
                0x00019e88       0x20 .\CortexM3\ARM_GCC_541\Release\Generic_ParametricPWMRescaling.a(BLINK_CTRL_EN.o)
                0x00019e88                BLINK_CTRL_EN_Write
 .text.BLINK_25HZ_Start
                0x00019ea8       0x24 .\CortexM3\ARM_GCC_541\Release\Generic_ParametricPWMRescaling.a(BLINK_25HZ.o)
                0x00019ea8                BLINK_25HZ_Start
 .text.BLINK_25HZ_Init
                0x00019ecc       0x50 .\CortexM3\ARM_GCC_541\Release\Generic_ParametricPWMRescaling.a(BLINK_25HZ.o)
                0x00019ecc                BLINK_25HZ_Init
 .text.BLINK_25HZ_Enable
                0x00019f1c       0x20 .\CortexM3\ARM_GCC_541\Release\Generic_ParametricPWMRescaling.a(BLINK_25HZ.o)
                0x00019f1c                BLINK_25HZ_Enable
 .text.BLINK_25HZ_WriteCounter
                0x00019f3c       0x20 .\CortexM3\ARM_GCC_541\Release\Generic_ParametricPWMRescaling.a(BLINK_25HZ.o)
                0x00019f3c                BLINK_25HZ_WriteCounter
 .text.BLINK_25HZ_WritePeriod
                0x00019f5c       0x20 .\CortexM3\ARM_GCC_541\Release\Generic_ParametricPWMRescaling.a(BLINK_25HZ.o)
                0x00019f5c                BLINK_25HZ_WritePeriod
 .text.BLINK_25HZ_WriteCompare
                0x00019f7c       0x20 .\CortexM3\ARM_GCC_541\Release\Generic_ParametricPWMRescaling.a(BLINK_25HZ.o)
                0x00019f7c                BLINK_25HZ_WriteCompare
 .text.ADC_N_CHANNELS_USED_Write
                0x00019f9c       0x20 .\CortexM3\ARM_GCC_541\Release\Generic_ParametricPWMRescaling.a(ADC_N_CHANNELS_USED.o)
                0x00019f9c                ADC_N_CHANNELS_USED_Write
 .text.MOTOR_ON_OFF_1_Write
                0x00019fbc       0x20 .\CortexM3\ARM_GCC_541\Release\Generic_ParametricPWMRescaling.a(MOTOR_ON_OFF_1.o)
                0x00019fbc                MOTOR_ON_OFF_1_Write
 .text.ADC_Init
                0x00019fdc      0x11c .\CortexM3\ARM_GCC_541\Release\Generic_ParametricPWMRescaling.a(ADC.o)
                0x00019fdc                ADC_Init
 .text.ADC_Enable
                0x0001a0f8      0x158 .\CortexM3\ARM_GCC_541\Release\Generic_ParametricPWMRescaling.a(ADC.o)
                0x0001a0f8                ADC_Enable
 .text.ADC_Start
                0x0001a250       0x30 .\CortexM3\ARM_GCC_541\Release\Generic_ParametricPWMRescaling.a(ADC.o)
                0x0001a250                ADC_Start
 .text.ADC_InitConfig
                0x0001a280      0x164 .\CortexM3\ARM_GCC_541\Release\Generic_ParametricPWMRescaling.a(ADC.o)
 .text.ADC_GainCompensation
                0x0001a3e4      0x16c .\CortexM3\ARM_GCC_541\Release\Generic_ParametricPWMRescaling.a(ADC.o)
 .text.ADC_SetDSMRef0Reg
                0x0001a550       0x7c .\CortexM3\ARM_GCC_541\Release\Generic_ParametricPWMRescaling.a(ADC.o)
 .text.ADC_ISR1
                0x0001a5cc        0xc .\CortexM3\ARM_GCC_541\Release\Generic_ParametricPWMRescaling.a(ADC_INT.o)
                0x0001a5cc                ADC_ISR1
 .text.COUNTER_ENC_Init
                0x0001a5d8       0x7c .\CortexM3\ARM_GCC_541\Release\Generic_ParametricPWMRescaling.a(COUNTER_ENC.o)
                0x0001a5d8                COUNTER_ENC_Init
 .text.COUNTER_ENC_Enable
                0x0001a654       0x20 .\CortexM3\ARM_GCC_541\Release\Generic_ParametricPWMRescaling.a(COUNTER_ENC.o)
                0x0001a654                COUNTER_ENC_Enable
 .text.COUNTER_ENC_Start
                0x0001a674       0x24 .\CortexM3\ARM_GCC_541\Release\Generic_ParametricPWMRescaling.a(COUNTER_ENC.o)
                0x0001a674                COUNTER_ENC_Start
 .text.COUNTER_ENC_SetInterruptMode
                0x0001a698       0x20 .\CortexM3\ARM_GCC_541\Release\Generic_ParametricPWMRescaling.a(COUNTER_ENC.o)
                0x0001a698                COUNTER_ENC_SetInterruptMode
 .text.COUNTER_ENC_ReadStatusRegister
                0x0001a6b8       0x18 .\CortexM3\ARM_GCC_541\Release\Generic_ParametricPWMRescaling.a(COUNTER_ENC.o)
                0x0001a6b8                COUNTER_ENC_ReadStatusRegister
 .text.COUNTER_ENC_WriteCounter
                0x0001a6d0       0x20 .\CortexM3\ARM_GCC_541\Release\Generic_ParametricPWMRescaling.a(COUNTER_ENC.o)
                0x0001a6d0                COUNTER_ENC_WriteCounter
 .text.COUNTER_ENC_ReadCapture
                0x0001a6f0       0x18 .\CortexM3\ARM_GCC_541\Release\Generic_ParametricPWMRescaling.a(COUNTER_ENC.o)
                0x0001a6f0                COUNTER_ENC_ReadCapture
 .text.COUNTER_ENC_WritePeriod
                0x0001a708       0x20 .\CortexM3\ARM_GCC_541\Release\Generic_ParametricPWMRescaling.a(COUNTER_ENC.o)
                0x0001a708                COUNTER_ENC_WritePeriod
 .text.COUNTER_ENC_WriteCompare
                0x0001a728       0x20 .\CortexM3\ARM_GCC_541\Release\Generic_ParametricPWMRescaling.a(COUNTER_ENC.o)
                0x0001a728                COUNTER_ENC_WriteCompare
 .text.COUNTER_ENC_ClearFIFO
                0x0001a748       0x1c .\CortexM3\ARM_GCC_541\Release\Generic_ParametricPWMRescaling.a(COUNTER_ENC.o)
                0x0001a748                COUNTER_ENC_ClearFIFO
 .text.SHIFTREG_ENC_3_Start
                0x0001a764       0x24 .\CortexM3\ARM_GCC_541\Release\Generic_ParametricPWMRescaling.a(SHIFTREG_ENC_3.o)
                0x0001a764                SHIFTREG_ENC_3_Start
 .text.SHIFTREG_ENC_3_Enable
                0x0001a788       0x20 .\CortexM3\ARM_GCC_541\Release\Generic_ParametricPWMRescaling.a(SHIFTREG_ENC_3.o)
                0x0001a788                SHIFTREG_ENC_3_Enable
 .text.SHIFTREG_ENC_3_Init
                0x0001a7a8       0x10 .\CortexM3\ARM_GCC_541\Release\Generic_ParametricPWMRescaling.a(SHIFTREG_ENC_3.o)
                0x0001a7a8                SHIFTREG_ENC_3_Init
 .text.SHIFTREG_ENC_3_EnableInt
                0x0001a7b8       0x34 .\CortexM3\ARM_GCC_541\Release\Generic_ParametricPWMRescaling.a(SHIFTREG_ENC_3.o)
                0x0001a7b8                SHIFTREG_ENC_3_EnableInt
 .text.SHIFTREG_ENC_3_SetIntMode
                0x0001a7ec       0x40 .\CortexM3\ARM_GCC_541\Release\Generic_ParametricPWMRescaling.a(SHIFTREG_ENC_3.o)
                0x0001a7ec                SHIFTREG_ENC_3_SetIntMode
 .text.SHIFTREG_ENC_3_ReadData
                0x0001a82c       0x14 .\CortexM3\ARM_GCC_541\Release\Generic_ParametricPWMRescaling.a(SHIFTREG_ENC_3.o)
                0x0001a82c                SHIFTREG_ENC_3_ReadData
 .text.SHIFTREG_ENC_2_Start
                0x0001a840       0x24 .\CortexM3\ARM_GCC_541\Release\Generic_ParametricPWMRescaling.a(SHIFTREG_ENC_2.o)
                0x0001a840                SHIFTREG_ENC_2_Start
 .text.SHIFTREG_ENC_2_Enable
                0x0001a864       0x20 .\CortexM3\ARM_GCC_541\Release\Generic_ParametricPWMRescaling.a(SHIFTREG_ENC_2.o)
                0x0001a864                SHIFTREG_ENC_2_Enable
 .text.SHIFTREG_ENC_2_Init
                0x0001a884       0x10 .\CortexM3\ARM_GCC_541\Release\Generic_ParametricPWMRescaling.a(SHIFTREG_ENC_2.o)
                0x0001a884                SHIFTREG_ENC_2_Init
 .text.SHIFTREG_ENC_2_EnableInt
                0x0001a894       0x34 .\CortexM3\ARM_GCC_541\Release\Generic_ParametricPWMRescaling.a(SHIFTREG_ENC_2.o)
                0x0001a894                SHIFTREG_ENC_2_EnableInt
 .text.SHIFTREG_ENC_2_SetIntMode
                0x0001a8c8       0x40 .\CortexM3\ARM_GCC_541\Release\Generic_ParametricPWMRescaling.a(SHIFTREG_ENC_2.o)
                0x0001a8c8                SHIFTREG_ENC_2_SetIntMode
 .text.SHIFTREG_ENC_2_ReadData
                0x0001a908       0x14 .\CortexM3\ARM_GCC_541\Release\Generic_ParametricPWMRescaling.a(SHIFTREG_ENC_2.o)
                0x0001a908                SHIFTREG_ENC_2_ReadData
 .text.SHIFTREG_ENC_1_Start
                0x0001a91c       0x24 .\CortexM3\ARM_GCC_541\Release\Generic_ParametricPWMRescaling.a(SHIFTREG_ENC_1.o)
                0x0001a91c                SHIFTREG_ENC_1_Start
 .text.SHIFTREG_ENC_1_Enable
                0x0001a940       0x20 .\CortexM3\ARM_GCC_541\Release\Generic_ParametricPWMRescaling.a(SHIFTREG_ENC_1.o)
                0x0001a940                SHIFTREG_ENC_1_Enable
 .text.SHIFTREG_ENC_1_Init
                0x0001a960       0x10 .\CortexM3\ARM_GCC_541\Release\Generic_ParametricPWMRescaling.a(SHIFTREG_ENC_1.o)
                0x0001a960                SHIFTREG_ENC_1_Init
 .text.SHIFTREG_ENC_1_EnableInt
                0x0001a970       0x34 .\CortexM3\ARM_GCC_541\Release\Generic_ParametricPWMRescaling.a(SHIFTREG_ENC_1.o)
                0x0001a970                SHIFTREG_ENC_1_EnableInt
 .text.SHIFTREG_ENC_1_SetIntMode
                0x0001a9a4       0x40 .\CortexM3\ARM_GCC_541\Release\Generic_ParametricPWMRescaling.a(SHIFTREG_ENC_1.o)
                0x0001a9a4                SHIFTREG_ENC_1_SetIntMode
 .text.SHIFTREG_ENC_1_ReadData
                0x0001a9e4       0x14 .\CortexM3\ARM_GCC_541\Release\Generic_ParametricPWMRescaling.a(SHIFTREG_ENC_1.o)
                0x0001a9e4                SHIFTREG_ENC_1_ReadData
 .text.RESET_COUNTERS_Write
                0x0001a9f8       0x20 .\CortexM3\ARM_GCC_541\Release\Generic_ParametricPWMRescaling.a(RESET_COUNTERS.o)
                0x0001a9f8                RESET_COUNTERS_Write
 .text.Chip_Select_ENCODER_LINE_Write
                0x0001aa18       0x20 .\CortexM3\ARM_GCC_541\Release\Generic_ParametricPWMRescaling.a(Chip_Select_ENCODER_LINE.o)
                0x0001aa18                Chip_Select_ENCODER_LINE_Write
 .text.Chip_Select_ENCODER_LINE_Read
                0x0001aa38       0x18 .\CortexM3\ARM_GCC_541\Release\Generic_ParametricPWMRescaling.a(Chip_Select_ENCODER_LINE.o)
                0x0001aa38                Chip_Select_ENCODER_LINE_Read
 .text.MY_TIMER_REG_Write
                0x0001aa50       0x20 .\CortexM3\ARM_GCC_541\Release\Generic_ParametricPWMRescaling.a(MY_TIMER_REG.o)
                0x0001aa50                MY_TIMER_REG_Write
 .text.MOTOR_DRIVER_TYPE_Write
                0x0001aa70       0x20 .\CortexM3\ARM_GCC_541\Release\Generic_ParametricPWMRescaling.a(MOTOR_DRIVER_TYPE.o)
                0x0001aa70                MOTOR_DRIVER_TYPE_Write
 .text.MOTOR_ON_OFF_2_Write
                0x0001aa90       0x20 .\CortexM3\ARM_GCC_541\Release\Generic_ParametricPWMRescaling.a(MOTOR_ON_OFF_2.o)
                0x0001aa90                MOTOR_ON_OFF_2_Write
 .text.DMA_DmaInitialize
                0x0001aab0       0x64 .\CortexM3\ARM_GCC_541\Release\Generic_ParametricPWMRescaling.a(DMA_dma.o)
                0x0001aab0                DMA_DmaInitialize
 .text.ADC_STATUS_Read
                0x0001ab14       0x18 .\CortexM3\ARM_GCC_541\Release\Generic_ParametricPWMRescaling.a(ADC_STATUS.o)
                0x0001ab14                ADC_STATUS_Read
 .text.ADC_SOC_Write
                0x0001ab2c       0x20 .\CortexM3\ARM_GCC_541\Release\Generic_ParametricPWMRescaling.a(ADC_SOC.o)
                0x0001ab2c                ADC_SOC_Write
 .text.ADC_AMux_Start
                0x0001ab4c       0x34 .\CortexM3\ARM_GCC_541\Release\Generic_ParametricPWMRescaling.a(ADC_AMux.o)
                0x0001ab4c                ADC_AMux_Start
 .text.ADC_AMux_Select
                0x0001ab80       0x28 .\CortexM3\ARM_GCC_541\Release\Generic_ParametricPWMRescaling.a(ADC_AMux.o)
                0x0001ab80                ADC_AMux_Select
 .text.ADC_Ext_CP_Clk_SetDividerRegister
                0x0001aba8      0x164 .\CortexM3\ARM_GCC_541\Release\Generic_ParametricPWMRescaling.a(ADC_Ext_CP_Clk.o)
                0x0001aba8                ADC_Ext_CP_Clk_SetDividerRegister
 .text.ADC_Ext_CP_Clk_GetDividerRegister
                0x0001ad0c       0x18 .\CortexM3\ARM_GCC_541\Release\Generic_ParametricPWMRescaling.a(ADC_Ext_CP_Clk.o)
                0x0001ad0c                ADC_Ext_CP_Clk_GetDividerRegister
 .text.ADC_Ext_CP_Clk_SetModeRegister
                0x0001ad24       0x34 .\CortexM3\ARM_GCC_541\Release\Generic_ParametricPWMRescaling.a(ADC_Ext_CP_Clk.o)
                0x0001ad24                ADC_Ext_CP_Clk_SetModeRegister
 .text.ADC_Ext_CP_Clk_GetSourceRegister
                0x0001ad58       0x1c .\CortexM3\ARM_GCC_541\Release\Generic_ParametricPWMRescaling.a(ADC_Ext_CP_Clk.o)
                0x0001ad58                ADC_Ext_CP_Clk_GetSourceRegister
 .text.ADC_theACLK_SetDividerRegister
                0x0001ad74      0x164 .\CortexM3\ARM_GCC_541\Release\Generic_ParametricPWMRescaling.a(ADC_theACLK.o)
                0x0001ad74                ADC_theACLK_SetDividerRegister
 .text.ADC_theACLK_GetDividerRegister
                0x0001aed8       0x18 .\CortexM3\ARM_GCC_541\Release\Generic_ParametricPWMRescaling.a(ADC_theACLK.o)
                0x0001aed8                ADC_theACLK_GetDividerRegister
 .text.ADC_theACLK_SetModeRegister
                0x0001aef0       0x34 .\CortexM3\ARM_GCC_541\Release\Generic_ParametricPWMRescaling.a(ADC_theACLK.o)
                0x0001aef0                ADC_theACLK_SetModeRegister
 .text.ADC_theACLK_GetSourceRegister
                0x0001af24       0x1c .\CortexM3\ARM_GCC_541\Release\Generic_ParametricPWMRescaling.a(ADC_theACLK.o)
                0x0001af24                ADC_theACLK_GetSourceRegister
 .text.CyDmacConfigure
                0x0001af40       0x5c .\CortexM3\ARM_GCC_541\Release\Generic_ParametricPWMRescaling.a(CyDmac.o)
                0x0001af40                CyDmacConfigure
 .text.CyDmaChEnable
                0x0001af9c       0x8c .\CortexM3\ARM_GCC_541\Release\Generic_ParametricPWMRescaling.a(CyDmac.o)
                0x0001af9c                CyDmaChEnable
 .text.CyDmaChPriority
                0x0001b028       0x64 .\CortexM3\ARM_GCC_541\Release\Generic_ParametricPWMRescaling.a(CyDmac.o)
                0x0001b028                CyDmaChPriority
 .text.CyDmaChSetExtendedAddress
                0x0001b08c       0x78 .\CortexM3\ARM_GCC_541\Release\Generic_ParametricPWMRescaling.a(CyDmac.o)
                0x0001b08c                CyDmaChSetExtendedAddress
 .text.CyDmaChSetInitialTd
                0x0001b104       0x3c .\CortexM3\ARM_GCC_541\Release\Generic_ParametricPWMRescaling.a(CyDmac.o)
                0x0001b104                CyDmaChSetInitialTd
 .text.CyDmaChSetConfiguration
                0x0001b140       0xa0 .\CortexM3\ARM_GCC_541\Release\Generic_ParametricPWMRescaling.a(CyDmac.o)
                0x0001b140                CyDmaChSetConfiguration
 .text.CyDmaTdAllocate
                0x0001b1e0       0x5c .\CortexM3\ARM_GCC_541\Release\Generic_ParametricPWMRescaling.a(CyDmac.o)
                0x0001b1e0                CyDmaTdAllocate
 .text.CyDmaTdSetConfiguration
                0x0001b23c       0x80 .\CortexM3\ARM_GCC_541\Release\Generic_ParametricPWMRescaling.a(CyDmac.o)
                0x0001b23c                CyDmaTdSetConfiguration
 .text.CyDmaTdSetAddress
                0x0001b2bc       0x5c .\CortexM3\ARM_GCC_541\Release\Generic_ParametricPWMRescaling.a(CyDmac.o)
                0x0001b2bc                CyDmaTdSetAddress
 .text.CySetTempInt
                0x0001b318       0x7c .\CortexM3\ARM_GCC_541\Release\Generic_ParametricPWMRescaling.a(CyFlash.o)
 .text.CyFlashGetSpcAlgorithm
                0x0001b394       0x70 .\CortexM3\ARM_GCC_541\Release\Generic_ParametricPWMRescaling.a(CyFlash.o)
                0x0001b394                CyFlashGetSpcAlgorithm
 .text.CySetTemp
                0x0001b404       0x24 .\CortexM3\ARM_GCC_541\Release\Generic_ParametricPWMRescaling.a(CyFlash.o)
                0x0001b404                CySetTemp
 .text.CyEEPROM_Start
                0x0001b428       0x8c .\CortexM3\ARM_GCC_541\Release\Generic_ParametricPWMRescaling.a(CyFlash.o)
                0x0001b428                CyEEPROM_Start
 .text.CySoftwareReset
                0x0001b4b4       0x20 .\CortexM3\ARM_GCC_541\Release\Generic_ParametricPWMRescaling.a(CyLib.o)
                0x0001b4b4                CySoftwareReset
 .text.CyDelay  0x0001b4d4       0x44 .\CortexM3\ARM_GCC_541\Release\Generic_ParametricPWMRescaling.a(CyLib.o)
                0x0001b4d4                CyDelay
 .text.CyDelayUs
                0x0001b518       0x28 .\CortexM3\ARM_GCC_541\Release\Generic_ParametricPWMRescaling.a(CyLib.o)
                0x0001b518                CyDelayUs
 .text.CyIntSetVector
                0x0001b540       0x48 .\CortexM3\ARM_GCC_541\Release\Generic_ParametricPWMRescaling.a(CyLib.o)
                0x0001b540                CyIntSetVector
 .text.CyIntSetPriority
                0x0001b588       0x30 .\CortexM3\ARM_GCC_541\Release\Generic_ParametricPWMRescaling.a(CyLib.o)
                0x0001b588                CyIntSetPriority
 .text.CySpcStart
                0x0001b5b8       0x48 .\CortexM3\ARM_GCC_541\Release\Generic_ParametricPWMRescaling.a(CySpc.o)
                0x0001b5b8                CySpcStart
 .text.CySpcReadData
                0x0001b600       0x54 .\CortexM3\ARM_GCC_541\Release\Generic_ParametricPWMRescaling.a(CySpc.o)
                0x0001b600                CySpcReadData
 .text.CySpcLoadRow
                0x0001b654       0x88 .\CortexM3\ARM_GCC_541\Release\Generic_ParametricPWMRescaling.a(CySpc.o)
                0x0001b654                CySpcLoadRow
 .text.CySpcWriteRow
                0x0001b6dc       0x98 .\CortexM3\ARM_GCC_541\Release\Generic_ParametricPWMRescaling.a(CySpc.o)
                0x0001b6dc                CySpcWriteRow
 .text.CySpcGetTemp
                0x0001b774       0x64 .\CortexM3\ARM_GCC_541\Release\Generic_ParametricPWMRescaling.a(CySpc.o)
                0x0001b774                CySpcGetTemp
 .text.CySpcLock
                0x0001b7d8       0x68 .\CortexM3\ARM_GCC_541\Release\Generic_ParametricPWMRescaling.a(CySpc.o)
                0x0001b7d8                CySpcLock
 .text.CySpcUnlock
                0x0001b840       0x50 .\CortexM3\ARM_GCC_541\Release\Generic_ParametricPWMRescaling.a(CySpc.o)
                0x0001b840                CySpcUnlock
 .text.CySpcGetAlgorithm
                0x0001b890       0x44 .\CortexM3\ARM_GCC_541\Release\Generic_ParametricPWMRescaling.a(CySpc.o)
                0x0001b890                CySpcGetAlgorithm
 *fill*         0x0001b8d4        0x4 
 .text          0x0001b8d8       0x20 .\CortexM3\ARM_GCC_541\Release\Generic_ParametricPWMRescaling.a(CyBootAsmGnu.o)
                0x0001b8d8                CyDelayCycles
                0x0001b8e8                CyEnterCriticalSection
                0x0001b8f0                CyExitCriticalSection
 .text._CopyString
                0x0001b8f8       0x1c ..\src\emFile_V322c\LinkLibrary\PSoC5\GCC\libemf16noslfn.a(FAT_LFN.o)
 .text._CalcNumChar
                0x0001b914       0x1e ..\src\emFile_V322c\LinkLibrary\PSoC5\GCC\libemf16noslfn.a(FAT_LFN.o)
 .text._WriteName
                0x0001b932       0x32 ..\src\emFile_V322c\LinkLibrary\PSoC5\GCC\libemf16noslfn.a(FAT_LFN.o)
 .text._ToUpper
                0x0001b964       0x10 ..\src\emFile_V322c\LinkLibrary\PSoC5\GCC\libemf16noslfn.a(FAT_LFN.o)
 .text._CompareChar
                0x0001b974       0x44 ..\src\emFile_V322c\LinkLibrary\PSoC5\GCC\libemf16noslfn.a(FAT_LFN.o)
 .text._CalcCheckSum
                0x0001b9b8       0x24 ..\src\emFile_V322c\LinkLibrary\PSoC5\GCC\libemf16noslfn.a(FAT_LFN.o)
 .text._SetDirPosIndex
                0x0001b9dc        0x8 ..\src\emFile_V322c\LinkLibrary\PSoC5\GCC\libemf16noslfn.a(FAT_LFN.o)
 .text.FS_FAT_SupportLFN
                0x0001b9e4       0x10 ..\src\emFile_V322c\LinkLibrary\PSoC5\GCC\libemf16noslfn.a(FAT_LFN.o)
                0x0001b9e4                FS_FAT_SupportLFN
 .text._LFN_DelLongEntry
                0x0001b9f4       0x5e ..\src\emFile_V322c\LinkLibrary\PSoC5\GCC\libemf16noslfn.a(FAT_LFN.o)
 .text._CorrectTrail
                0x0001ba52       0x28 ..\src\emFile_V322c\LinkLibrary\PSoC5\GCC\libemf16noslfn.a(FAT_LFN.o)
 .text._CalcNumLongEntries
                0x0001ba7a       0x16 ..\src\emFile_V322c\LinkLibrary\PSoC5\GCC\libemf16noslfn.a(FAT_LFN.o)
 .text._ComputeLongDirEntry
                0x0001ba90       0x88 ..\src\emFile_V322c\LinkLibrary\PSoC5\GCC\libemf16noslfn.a(FAT_LFN.o)
 .text._LFN_FindDirEntry
                0x0001bb18      0x146 ..\src\emFile_V322c\LinkLibrary\PSoC5\GCC\libemf16noslfn.a(FAT_LFN.o)
 .text._GenerateShortEntry
                0x0001bc5e       0xce ..\src\emFile_V322c\LinkLibrary\PSoC5\GCC\libemf16noslfn.a(FAT_LFN.o)
 .text._LFN_ReadDirEntryInfo
                0x0001bd2c      0x1c6 ..\src\emFile_V322c\LinkLibrary\PSoC5\GCC\libemf16noslfn.a(FAT_LFN.o)
 .text._LFN_CreateDirEntry
                0x0001bef2      0x2a4 ..\src\emFile_V322c\LinkLibrary\PSoC5\GCC\libemf16noslfn.a(FAT_LFN.o)
 .text._ClusterId2FATOff
                0x0001c196       0x18 ..\src\emFile_V322c\LinkLibrary\PSoC5\GCC\libemf16noslfn.a(FAT_Misc.o)
 .text._CalcLogClusterPos
                0x0001c1ae        0xe ..\src\emFile_V322c\LinkLibrary\PSoC5\GCC\libemf16noslfn.a(FAT_Misc.o)
 .text._ReadFromFreeClusterCache
                0x0001c1bc       0x46 ..\src\emFile_V322c\LinkLibrary\PSoC5\GCC\libemf16noslfn.a(FAT_Misc.o)
 .text.FS_FAT_GetFATType
                0x0001c202       0x1a ..\src\emFile_V322c\LinkLibrary\PSoC5\GCC\libemf16noslfn.a(FAT_Misc.o)
                0x0001c202                FS_FAT_GetFATType
 .text.FS_FAT_ClusterId2SectorNo
                0x0001c21c        0xc ..\src\emFile_V322c\LinkLibrary\PSoC5\GCC\libemf16noslfn.a(FAT_Misc.o)
                0x0001c21c                FS_FAT_ClusterId2SectorNo
 .text.FS_FAT_IsValidShortNameChar
                0x0001c228       0x34 ..\src\emFile_V322c\LinkLibrary\PSoC5\GCC\libemf16noslfn.a(FAT_Misc.o)
                0x0001c228                FS_FAT_IsValidShortNameChar
 .text.FS_FAT_CopyShortName
                0x0001c25c       0x56 ..\src\emFile_V322c\LinkLibrary\PSoC5\GCC\libemf16noslfn.a(FAT_Misc.o)
                0x0001c25c                FS_FAT_CopyShortName
 .text._SFN_CreateDirEntry
                0x0001c2b2       0x5a ..\src\emFile_V322c\LinkLibrary\PSoC5\GCC\libemf16noslfn.a(FAT_Misc.o)
 .text._SFN_FindDirEntry
                0x0001c30c       0x10 ..\src\emFile_V322c\LinkLibrary\PSoC5\GCC\libemf16noslfn.a(FAT_Misc.o)
 .text.FS_FAT_FindDirEntry
                0x0001c31c       0x60 ..\src\emFile_V322c\LinkLibrary\PSoC5\GCC\libemf16noslfn.a(FAT_Misc.o)
                0x0001c31c                FS_FAT_FindDirEntry
 .text.FS_FAT_CopyDirEntryInfo
                0x0001c37c       0x50 ..\src\emFile_V322c\LinkLibrary\PSoC5\GCC\libemf16noslfn.a(FAT_Misc.o)
                0x0001c37c                FS_FAT_CopyDirEntryInfo
 .text._SFN_ReadDirEntryInfo
                0x0001c3cc       0x6e ..\src\emFile_V322c\LinkLibrary\PSoC5\GCC\libemf16noslfn.a(FAT_Misc.o)
 .text._SetFATSector
                0x0001c43a        0x6 ..\src\emFile_V322c\LinkLibrary\PSoC5\GCC\libemf16noslfn.a(FAT_Misc.o)
 .text._WriteFATEntry
                0x0001c440      0x152 ..\src\emFile_V322c\LinkLibrary\PSoC5\GCC\libemf16noslfn.a(FAT_Misc.o)
 .text.FS_FAT_MarkClusterEOC
                0x0001c592        0x8 ..\src\emFile_V322c\LinkLibrary\PSoC5\GCC\libemf16noslfn.a(FAT_Misc.o)
                0x0001c592                FS_FAT_MarkClusterEOC
 .text.FS_FAT_SyncFAT
                0x0001c59a       0x3c ..\src\emFile_V322c\LinkLibrary\PSoC5\GCC\libemf16noslfn.a(FAT_Misc.o)
                0x0001c59a                FS_FAT_SyncFAT
 .text.FS_FAT_LinkCluster
                0x0001c5d6       0x1c ..\src\emFile_V322c\LinkLibrary\PSoC5\GCC\libemf16noslfn.a(FAT_Misc.o)
                0x0001c5d6                FS_FAT_LinkCluster
 .text.FS_FAT_ReadFATEntry
                0x0001c5f2       0xb2 ..\src\emFile_V322c\LinkLibrary\PSoC5\GCC\libemf16noslfn.a(FAT_Misc.o)
                0x0001c5f2                FS_FAT_ReadFATEntry
 .text.FS_FAT_GetNumAdjClustersInChain
                0x0001c6a4       0x64 ..\src\emFile_V322c\LinkLibrary\PSoC5\GCC\libemf16noslfn.a(FAT_Misc.o)
                0x0001c6a4                FS_FAT_GetNumAdjClustersInChain
 .text.FS_FAT_WalkClusterEx
                0x0001c708       0x5c ..\src\emFile_V322c\LinkLibrary\PSoC5\GCC\libemf16noslfn.a(FAT_Misc.o)
                0x0001c708                FS_FAT_WalkClusterEx
 .text.FS_FAT_GotoCluster
                0x0001c764       0x88 ..\src\emFile_V322c\LinkLibrary\PSoC5\GCC\libemf16noslfn.a(FAT_Misc.o)
                0x0001c764                FS_FAT_GotoCluster
 .text.FS_FAT_WalkCluster
                0x0001c7ec       0x18 ..\src\emFile_V322c\LinkLibrary\PSoC5\GCC\libemf16noslfn.a(FAT_Misc.o)
                0x0001c7ec                FS_FAT_WalkCluster
 .text.FS_FAT_FindLastCluster
                0x0001c804       0x34 ..\src\emFile_V322c\LinkLibrary\PSoC5\GCC\libemf16noslfn.a(FAT_Misc.o)
                0x0001c804                FS_FAT_FindLastCluster
 .text._CalcFreeClusterCnt
                0x0001c838       0x88 ..\src\emFile_V322c\LinkLibrary\PSoC5\GCC\libemf16noslfn.a(FAT_Misc.o)
 .text.FS_FAT_FindFreeCluster
                0x0001c8c0       0xa8 ..\src\emFile_V322c\LinkLibrary\PSoC5\GCC\libemf16noslfn.a(FAT_Misc.o)
                0x0001c8c0                FS_FAT_FindFreeCluster
 .text.FS_FAT_AllocCluster
                0x0001c968       0x20 ..\src\emFile_V322c\LinkLibrary\PSoC5\GCC\libemf16noslfn.a(FAT_Misc.o)
                0x0001c968                FS_FAT_AllocCluster
 .text._WriteEmptyFATSectors
                0x0001c988       0x3c ..\src\emFile_V322c\LinkLibrary\PSoC5\GCC\libemf16noslfn.a(FAT_Misc.o)
 .text.FS_FAT_FreeClusterChain
                0x0001c9c4       0xe0 ..\src\emFile_V322c\LinkLibrary\PSoC5\GCC\libemf16noslfn.a(FAT_Misc.o)
                0x0001c9c4                FS_FAT_FreeClusterChain
 .text.FS_FAT_CheckBPB
                0x0001caa4      0x14c ..\src\emFile_V322c\LinkLibrary\PSoC5\GCC\libemf16noslfn.a(FAT_Misc.o)
                0x0001caa4                FS_FAT_CheckBPB
 .text.FS_FAT_InitDirEntryScan
                0x0001cbf0       0x14 ..\src\emFile_V322c\LinkLibrary\PSoC5\GCC\libemf16noslfn.a(FAT_Open.o)
                0x0001cbf0                FS_FAT_InitDirEntryScan
 .text.FS_FAT_IncDirPos
                0x0001cc04        0x8 ..\src\emFile_V322c\LinkLibrary\PSoC5\GCC\libemf16noslfn.a(FAT_Open.o)
                0x0001cc04                FS_FAT_IncDirPos
 .text._CopyDirText
                0x0001cc0c       0x44 ..\src\emFile_V322c\LinkLibrary\PSoC5\GCC\libemf16noslfn.a(FAT_Open.o)
 .text.FS_FAT_Make83Name
                0x0001cc50       0xb0 ..\src\emFile_V322c\LinkLibrary\PSoC5\GCC\libemf16noslfn.a(FAT_Open.o)
                0x0001cc50                FS_FAT_Make83Name
 .text.FS_FAT_GetDirEntry
                0x0001cd00       0xb2 ..\src\emFile_V322c\LinkLibrary\PSoC5\GCC\libemf16noslfn.a(FAT_Open.o)
                0x0001cd00                FS_FAT_GetDirEntry
 .text.FS_FAT_FindDirEntryShortEx
                0x0001cdb2       0x5a ..\src\emFile_V322c\LinkLibrary\PSoC5\GCC\libemf16noslfn.a(FAT_Open.o)
                0x0001cdb2                FS_FAT_FindDirEntryShortEx
 .text.FS_FAT_FindDirEntryShort
                0x0001ce0c       0x36 ..\src\emFile_V322c\LinkLibrary\PSoC5\GCC\libemf16noslfn.a(FAT_Open.o)
                0x0001ce0c                FS_FAT_FindDirEntryShort
 .text.FS_FAT_FindEmptyDirEntry
                0x0001ce42       0xb0 ..\src\emFile_V322c\LinkLibrary\PSoC5\GCC\libemf16noslfn.a(FAT_Open.o)
                0x0001ce42                FS_FAT_FindEmptyDirEntry
 .text.FS_FAT_GetFirstCluster
                0x0001cef2       0x1a ..\src\emFile_V322c\LinkLibrary\PSoC5\GCC\libemf16noslfn.a(FAT_Open.o)
                0x0001cef2                FS_FAT_GetFirstCluster
 .text.FS_FAT_FindPath
                0x0001cf0c       0x7a ..\src\emFile_V322c\LinkLibrary\PSoC5\GCC\libemf16noslfn.a(FAT_Open.o)
                0x0001cf0c                FS_FAT_FindPath
 .text.FS_FAT_DeleteFileOrDir
                0x0001cf86       0x48 ..\src\emFile_V322c\LinkLibrary\PSoC5\GCC\libemf16noslfn.a(FAT_Open.o)
                0x0001cf86                FS_FAT_DeleteFileOrDir
 *fill*         0x0001cfce        0x2 
 .text.FS_FAT_Open
                0x0001cfd0      0x1dc ..\src\emFile_V322c\LinkLibrary\PSoC5\GCC\libemf16noslfn.a(FAT_Open.o)
                0x0001cfd0                FS_FAT_Open
 .text.FS_FAT_WriteDirEntryCluster
                0x0001d1ac       0x1c ..\src\emFile_V322c\LinkLibrary\PSoC5\GCC\libemf16noslfn.a(FAT_Open.o)
                0x0001d1ac                FS_FAT_WriteDirEntryCluster
 .text.FS_FAT_WriteDirEntry83
                0x0001d1c8       0x6c ..\src\emFile_V322c\LinkLibrary\PSoC5\GCC\libemf16noslfn.a(FAT_Open.o)
                0x0001d1c8                FS_FAT_WriteDirEntry83
 .text._WriteBurst
                0x0001d234       0x24 ..\src\emFile_V322c\LinkLibrary\PSoC5\GCC\libemf16noslfn.a(FAT_Write.o)
 .text.FS_FAT_GotoClusterAllocIfReq
                0x0001d258       0xa8 ..\src\emFile_V322c\LinkLibrary\PSoC5\GCC\libemf16noslfn.a(FAT_Write.o)
                0x0001d258                FS_FAT_GotoClusterAllocIfReq
 .text.FS_FAT_UpdateDirEntry
                0x0001d300       0x68 ..\src\emFile_V322c\LinkLibrary\PSoC5\GCC\libemf16noslfn.a(FAT_Write.o)
                0x0001d300                FS_FAT_UpdateDirEntry
 .text.FS_FAT_Close
                0x0001d368       0x44 ..\src\emFile_V322c\LinkLibrary\PSoC5\GCC\libemf16noslfn.a(FAT_Write.o)
                0x0001d368                FS_FAT_Close
 .text.FS_FAT_Write
                0x0001d3ac      0x1c8 ..\src\emFile_V322c\LinkLibrary\PSoC5\GCC\libemf16noslfn.a(FAT_Write.o)
                0x0001d3ac                FS_FAT_Write
 .text.FS__CLIB_memcmp
                0x0001d574       0x20 ..\src\emFile_V322c\LinkLibrary\PSoC5\GCC\libemf16noslfn.a(FS_CLib.o)
                0x0001d574                FS__CLIB_memcmp
 .text.FS__CLIB_memset
                0x0001d594       0x6c ..\src\emFile_V322c\LinkLibrary\PSoC5\GCC\libemf16noslfn.a(FS_CLib.o)
                0x0001d594                FS__CLIB_memset
 .text.FS__CLIB_strcmp
                0x0001d600       0x1a ..\src\emFile_V322c\LinkLibrary\PSoC5\GCC\libemf16noslfn.a(FS_CLib.o)
                0x0001d600                FS__CLIB_strcmp
 .text.FS__CLIB_strlen
                0x0001d61a       0x10 ..\src\emFile_V322c\LinkLibrary\PSoC5\GCC\libemf16noslfn.a(FS_CLib.o)
                0x0001d61a                FS__CLIB_strlen
 .text.FS__CLIB_strncmp
                0x0001d62a       0x26 ..\src\emFile_V322c\LinkLibrary\PSoC5\GCC\libemf16noslfn.a(FS_CLib.o)
                0x0001d62a                FS__CLIB_strncmp
 .text.FS__CLIB_toupper
                0x0001d650        0xe ..\src\emFile_V322c\LinkLibrary\PSoC5\GCC\libemf16noslfn.a(FS_CLib.o)
                0x0001d650                FS__CLIB_toupper
 .text.FS__strchr
                0x0001d65e       0x14 ..\src\emFile_V322c\LinkLibrary\PSoC5\GCC\libemf16noslfn.a(FS_Core.o)
                0x0001d65e                FS__strchr
 .text.FS_LoadU32BE
                0x0001d672       0x18 ..\src\emFile_V322c\LinkLibrary\PSoC5\GCC\libemf16noslfn.a(FS_Core.o)
                0x0001d672                FS_LoadU32BE
 .text.FS_LoadU32LE
                0x0001d68a       0x16 ..\src\emFile_V322c\LinkLibrary\PSoC5\GCC\libemf16noslfn.a(FS_Core.o)
                0x0001d68a                FS_LoadU32LE
 .text.FS_StoreU32LE
                0x0001d6a0       0x14 ..\src\emFile_V322c\LinkLibrary\PSoC5\GCC\libemf16noslfn.a(FS_Core.o)
                0x0001d6a0                FS_StoreU32LE
 .text.FS_StoreU16LE
                0x0001d6b4        0x8 ..\src\emFile_V322c\LinkLibrary\PSoC5\GCC\libemf16noslfn.a(FS_Core.o)
                0x0001d6b4                FS_StoreU16LE
 .text.FS_LoadU16LE
                0x0001d6bc        0xa ..\src\emFile_V322c\LinkLibrary\PSoC5\GCC\libemf16noslfn.a(FS_Core.o)
                0x0001d6bc                FS_LoadU16LE
 *fill*         0x0001d6c6        0x2 
 .text._Alloc   0x0001d6c8       0x30 ..\src\emFile_V322c\LinkLibrary\PSoC5\GCC\libemf16noslfn.a(FS_Core.o)
 .text.FS_Alloc
                0x0001d6f8        0xc ..\src\emFile_V322c\LinkLibrary\PSoC5\GCC\libemf16noslfn.a(FS_Core.o)
                0x0001d6f8                FS_Alloc
 .text.FS_TryAlloc
                0x0001d704        0x4 ..\src\emFile_V322c\LinkLibrary\PSoC5\GCC\libemf16noslfn.a(FS_Core.o)
                0x0001d704                FS_TryAlloc
 .text.FS_Free  0x0001d708       0x1c ..\src\emFile_V322c\LinkLibrary\PSoC5\GCC\libemf16noslfn.a(FS_Core.o)
                0x0001d708                FS_Free
 .text.FS_AssignMemory
                0x0001d724        0xc ..\src\emFile_V322c\LinkLibrary\PSoC5\GCC\libemf16noslfn.a(FS_Core.o)
                0x0001d724                FS_AssignMemory
 .text.FS_AllocZeroed
                0x0001d730       0x16 ..\src\emFile_V322c\LinkLibrary\PSoC5\GCC\libemf16noslfn.a(FS_Core.o)
                0x0001d730                FS_AllocZeroed
 *fill*         0x0001d746        0x2 
 .text.FS_STORAGE_Init
                0x0001d748       0x28 ..\src\emFile_V322c\LinkLibrary\PSoC5\GCC\libemf16noslfn.a(FS_Core.o)
                0x0001d748                FS_STORAGE_Init
 .text.FS__FindClose
                0x0001d770        0x6 ..\src\emFile_V322c\LinkLibrary\PSoC5\GCC\libemf16noslfn.a(FS_Dir.o)
                0x0001d770                FS__FindClose
 .text.FS_FindClose
                0x0001d776        0x4 ..\src\emFile_V322c\LinkLibrary\PSoC5\GCC\libemf16noslfn.a(FS_Dir.o)
                0x0001d776                FS_FindClose
 .text.FS__FindNextFile
                0x0001d77a       0x52 ..\src\emFile_V322c\LinkLibrary\PSoC5\GCC\libemf16noslfn.a(FS_Dir.o)
                0x0001d77a                FS__FindNextFile
 .text.FS_FindNextFile
                0x0001d7cc        0xa ..\src\emFile_V322c\LinkLibrary\PSoC5\GCC\libemf16noslfn.a(FS_Dir.o)
                0x0001d7cc                FS_FindNextFile
 .text.FS__FindFirstFileEx
                0x0001d7d6       0x86 ..\src\emFile_V322c\LinkLibrary\PSoC5\GCC\libemf16noslfn.a(FS_Dir.o)
                0x0001d7d6                FS__FindFirstFileEx
 .text.FS__FindFirstFile
                0x0001d85c       0x2e ..\src\emFile_V322c\LinkLibrary\PSoC5\GCC\libemf16noslfn.a(FS_Dir.o)
                0x0001d85c                FS__FindFirstFile
 .text.FS_FindFirstFile
                0x0001d88a        0xa ..\src\emFile_V322c\LinkLibrary\PSoC5\GCC\libemf16noslfn.a(FS_Dir.o)
                0x0001d88a                FS_FindFirstFile
 .text.FS__MkDir
                0x0001d894       0x24 ..\src\emFile_V322c\LinkLibrary\PSoC5\GCC\libemf16noslfn.a(FS_Dir.o)
                0x0001d894                FS__MkDir
 .text.FS_MkDir
                0x0001d8b8        0x4 ..\src\emFile_V322c\LinkLibrary\PSoC5\GCC\libemf16noslfn.a(FS_Dir.o)
                0x0001d8b8                FS_MkDir
 .text._FreeDirHandle
                0x0001d8bc        0xa ..\src\emFile_V322c\LinkLibrary\PSoC5\GCC\libemf16noslfn.a(FS_DirOld.o)
 .text.FS__RewindDir
                0x0001d8c6        0xa ..\src\emFile_V322c\LinkLibrary\PSoC5\GCC\libemf16noslfn.a(FS_DirOld.o)
                0x0001d8c6                FS__RewindDir
 .text.FS__DirEnt2Attr
                0x0001d8d0        0xc ..\src\emFile_V322c\LinkLibrary\PSoC5\GCC\libemf16noslfn.a(FS_DirOld.o)
                0x0001d8d0                FS__DirEnt2Attr
 .text.FS__CloseDir
                0x0001d8dc       0x20 ..\src\emFile_V322c\LinkLibrary\PSoC5\GCC\libemf16noslfn.a(FS_DirOld.o)
                0x0001d8dc                FS__CloseDir
 .text.FS_CloseDir
                0x0001d8fc        0x4 ..\src\emFile_V322c\LinkLibrary\PSoC5\GCC\libemf16noslfn.a(FS_DirOld.o)
                0x0001d8fc                FS_CloseDir
 .text.FS__ReadDir
                0x0001d900       0x4c ..\src\emFile_V322c\LinkLibrary\PSoC5\GCC\libemf16noslfn.a(FS_DirOld.o)
                0x0001d900                FS__ReadDir
 .text.FS__OpenDir
                0x0001d94c       0x48 ..\src\emFile_V322c\LinkLibrary\PSoC5\GCC\libemf16noslfn.a(FS_DirOld.o)
                0x0001d94c                FS__OpenDir
 .text.FS_OpenDir
                0x0001d994        0x4 ..\src\emFile_V322c\LinkLibrary\PSoC5\GCC\libemf16noslfn.a(FS_DirOld.o)
                0x0001d994                FS_OpenDir
 .text.FS_FRead
                0x0001d998       0x1c ..\src\emFile_V322c\LinkLibrary\PSoC5\GCC\libemf16noslfn.a(FS_FRead.o)
                0x0001d998                FS_FRead
 .text.FS__GetNumFiles
                0x0001d9b4       0x56 ..\src\emFile_V322c\LinkLibrary\PSoC5\GCC\libemf16noslfn.a(FS_GetNumFiles.o)
                0x0001d9b4                FS__GetNumFiles
 .text.FS_GetNumFiles
                0x0001da0a        0x4 ..\src\emFile_V322c\LinkLibrary\PSoC5\GCC\libemf16noslfn.a(FS_GetNumFiles.o)
                0x0001da0a                FS_GetNumFiles
 .text._ClrBusyLED
                0x0001da0e        0xc ..\src\emFile_V322c\LinkLibrary\PSoC5\GCC\libemf16noslfn.a(FS_LogBlock.o)
 .text._SetBusyLED
                0x0001da1a        0xc ..\src\emFile_V322c\LinkLibrary\PSoC5\GCC\libemf16noslfn.a(FS_LogBlock.o)
 .text._Read    0x0001da26        0xc ..\src\emFile_V322c\LinkLibrary\PSoC5\GCC\libemf16noslfn.a(FS_LogBlock.o)
 .text._Write   0x0001da32       0x12 ..\src\emFile_V322c\LinkLibrary\PSoC5\GCC\libemf16noslfn.a(FS_LogBlock.o)
 .text.FS_LB_GetStatus
                0x0001da44        0xc ..\src\emFile_V322c\LinkLibrary\PSoC5\GCC\libemf16noslfn.a(FS_LogBlock.o)
                0x0001da44                FS_LB_GetStatus
 .text.FS_LB_InitMedium
                0x0001da50       0x1a ..\src\emFile_V322c\LinkLibrary\PSoC5\GCC\libemf16noslfn.a(FS_LogBlock.o)
                0x0001da50                FS_LB_InitMedium
 .text.FS_LB_InitMediumIfRequired
                0x0001da6a       0x10 ..\src\emFile_V322c\LinkLibrary\PSoC5\GCC\libemf16noslfn.a(FS_LogBlock.o)
                0x0001da6a                FS_LB_InitMediumIfRequired
 .text.FS_LB_ReadDevice
                0x0001da7a       0x2e ..\src\emFile_V322c\LinkLibrary\PSoC5\GCC\libemf16noslfn.a(FS_LogBlock.o)
                0x0001da7a                FS_LB_ReadDevice
 .text.FS_LB_ReadPart
                0x0001daa8        0xe ..\src\emFile_V322c\LinkLibrary\PSoC5\GCC\libemf16noslfn.a(FS_LogBlock.o)
                0x0001daa8                FS_LB_ReadPart
 .text.FS_LB_ReadBurst
                0x0001dab6       0x38 ..\src\emFile_V322c\LinkLibrary\PSoC5\GCC\libemf16noslfn.a(FS_LogBlock.o)
                0x0001dab6                FS_LB_ReadBurst
 .text.FS_LB_ReadBurstPart
                0x0001daee       0x14 ..\src\emFile_V322c\LinkLibrary\PSoC5\GCC\libemf16noslfn.a(FS_LogBlock.o)
                0x0001daee                FS_LB_ReadBurstPart
 .text.FS_LB_WriteBurst
                0x0001db02       0x30 ..\src\emFile_V322c\LinkLibrary\PSoC5\GCC\libemf16noslfn.a(FS_LogBlock.o)
                0x0001db02                FS_LB_WriteBurst
 .text.FS_LB_WriteBurstPart
                0x0001db32       0x14 ..\src\emFile_V322c\LinkLibrary\PSoC5\GCC\libemf16noslfn.a(FS_LogBlock.o)
                0x0001db32                FS_LB_WriteBurstPart
 .text.FS_LB_WriteMultiple
                0x0001db46       0x30 ..\src\emFile_V322c\LinkLibrary\PSoC5\GCC\libemf16noslfn.a(FS_LogBlock.o)
                0x0001db46                FS_LB_WriteMultiple
 .text.FS_LB_WriteMultiplePart
                0x0001db76       0x14 ..\src\emFile_V322c\LinkLibrary\PSoC5\GCC\libemf16noslfn.a(FS_LogBlock.o)
                0x0001db76                FS_LB_WriteMultiplePart
 .text.FS_LB_WriteDevice
                0x0001db8a       0x36 ..\src\emFile_V322c\LinkLibrary\PSoC5\GCC\libemf16noslfn.a(FS_LogBlock.o)
                0x0001db8a                FS_LB_WriteDevice
 .text.FS_LB_WritePart
                0x0001dbc0        0xe ..\src\emFile_V322c\LinkLibrary\PSoC5\GCC\libemf16noslfn.a(FS_LogBlock.o)
                0x0001dbc0                FS_LB_WritePart
 .text.FS_GetSectorSize
                0x0001dbce       0x28 ..\src\emFile_V322c\LinkLibrary\PSoC5\GCC\libemf16noslfn.a(FS_LogBlock.o)
                0x0001dbce                FS_GetSectorSize
 .text.FS_LB_GetDeviceInfo
                0x0001dbf6       0x26 ..\src\emFile_V322c\LinkLibrary\PSoC5\GCC\libemf16noslfn.a(FS_LogBlock.o)
                0x0001dbf6                FS_LB_GetDeviceInfo
 .text.FS_memcpy
                0x0001dc1c      0x120 ..\src\emFile_V322c\LinkLibrary\PSoC5\GCC\libemf16noslfn.a(FS_memcpy.o)
                0x0001dc1c                FS_memcpy
 .text.FS__AllocSectorBuffer
                0x0001dd3c       0x2c ..\src\emFile_V322c\LinkLibrary\PSoC5\GCC\libemf16noslfn.a(FS_Misc.o)
                0x0001dd3c                FS__AllocSectorBuffer
 .text.FS__FreeSectorBuffer
                0x0001dd68       0x28 ..\src\emFile_V322c\LinkLibrary\PSoC5\GCC\libemf16noslfn.a(FS_Misc.o)
                0x0001dd68                FS__FreeSectorBuffer
 .text.FS__SB_MarkDirty
                0x0001dd90        0x6 ..\src\emFile_V322c\LinkLibrary\PSoC5\GCC\libemf16noslfn.a(FS_Misc.o)
                0x0001dd90                FS__SB_MarkDirty
 .text.FS__SB_MarkNotDirty
                0x0001dd96        0x6 ..\src\emFile_V322c\LinkLibrary\PSoC5\GCC\libemf16noslfn.a(FS_Misc.o)
                0x0001dd96                FS__SB_MarkNotDirty
 .text.FS__FreeFileHandle
                0x0001dd9c        0xa ..\src\emFile_V322c\LinkLibrary\PSoC5\GCC\libemf16noslfn.a(FS_Misc.o)
                0x0001dd9c                FS__FreeFileHandle
 .text.FS__FreeFileObj
                0x0001dda6        0xc ..\src\emFile_V322c\LinkLibrary\PSoC5\GCC\libemf16noslfn.a(FS_Misc.o)
                0x0001dda6                FS__FreeFileObj
 *fill*         0x0001ddb2        0x2 
 .text.FS_Init  0x0001ddb4       0x58 ..\src\emFile_V322c\LinkLibrary\PSoC5\GCC\libemf16noslfn.a(FS_Misc.o)
                0x0001ddb4                FS_Init
 .text.FS__SB_Create
                0x0001de0c       0x28 ..\src\emFile_V322c\LinkLibrary\PSoC5\GCC\libemf16noslfn.a(FS_Misc.o)
                0x0001de0c                FS__SB_Create
 .text.FS__FCloseNL
                0x0001de34       0x1e ..\src\emFile_V322c\LinkLibrary\PSoC5\GCC\libemf16noslfn.a(FS_Misc.o)
                0x0001de34                FS__FCloseNL
 .text.FS__FClose
                0x0001de52       0x1a ..\src\emFile_V322c\LinkLibrary\PSoC5\GCC\libemf16noslfn.a(FS_Misc.o)
                0x0001de52                FS__FClose
 .text.FS_FClose
                0x0001de6c        0xa ..\src\emFile_V322c\LinkLibrary\PSoC5\GCC\libemf16noslfn.a(FS_Misc.o)
                0x0001de6c                FS_FClose
 *fill*         0x0001de76        0x2 
 .text.FS__AllocFileObj
                0x0001de78       0x48 ..\src\emFile_V322c\LinkLibrary\PSoC5\GCC\libemf16noslfn.a(FS_Misc.o)
                0x0001de78                FS__AllocFileObj
 .text.FS__AllocFileHandle
                0x0001dec0       0x40 ..\src\emFile_V322c\LinkLibrary\PSoC5\GCC\libemf16noslfn.a(FS_Misc.o)
                0x0001dec0                FS__AllocFileHandle
 .text.FS__OpenEx
                0x0001df00       0x58 ..\src\emFile_V322c\LinkLibrary\PSoC5\GCC\libemf16noslfn.a(FS_Misc.o)
                0x0001df00                FS__OpenEx
 .text.FS__FOpenEx
                0x0001df58       0x56 ..\src\emFile_V322c\LinkLibrary\PSoC5\GCC\libemf16noslfn.a(FS_Misc.o)
                0x0001df58                FS__FOpenEx
 *fill*         0x0001dfae        0x2 
 .text.FS__FOpen
                0x0001dfb0       0x48 ..\src\emFile_V322c\LinkLibrary\PSoC5\GCC\libemf16noslfn.a(FS_Misc.o)
                0x0001dfb0                FS__FOpen
 .text.FS_FOpen
                0x0001dff8        0x4 ..\src\emFile_V322c\LinkLibrary\PSoC5\GCC\libemf16noslfn.a(FS_Misc.o)
                0x0001dff8                FS_FOpen
 .text.FS__Remove
                0x0001dffc       0x28 ..\src\emFile_V322c\LinkLibrary\PSoC5\GCC\libemf16noslfn.a(FS_Misc.o)
                0x0001dffc                FS__Remove
 .text.FS_Remove
                0x0001e024        0x4 ..\src\emFile_V322c\LinkLibrary\PSoC5\GCC\libemf16noslfn.a(FS_Misc.o)
                0x0001e024                FS_Remove
 .text.FS__SB_Write
                0x0001e028       0x24 ..\src\emFile_V322c\LinkLibrary\PSoC5\GCC\libemf16noslfn.a(FS_Misc.o)
                0x0001e028                FS__SB_Write
 .text._SB_Clean
                0x0001e04c       0x24 ..\src\emFile_V322c\LinkLibrary\PSoC5\GCC\libemf16noslfn.a(FS_Misc.o)
 .text.FS__SB_SetSector
                0x0001e070       0x20 ..\src\emFile_V322c\LinkLibrary\PSoC5\GCC\libemf16noslfn.a(FS_Misc.o)
                0x0001e070                FS__SB_SetSector
 .text.FS__SB_MarkValid
                0x0001e090       0x10 ..\src\emFile_V322c\LinkLibrary\PSoC5\GCC\libemf16noslfn.a(FS_Misc.o)
                0x0001e090                FS__SB_MarkValid
 .text.FS__SB_Clean
                0x0001e0a0        0x4 ..\src\emFile_V322c\LinkLibrary\PSoC5\GCC\libemf16noslfn.a(FS_Misc.o)
                0x0001e0a0                FS__SB_Clean
 .text.FS__SB_Delete
                0x0001e0a4       0x12 ..\src\emFile_V322c\LinkLibrary\PSoC5\GCC\libemf16noslfn.a(FS_Misc.o)
                0x0001e0a4                FS__SB_Delete
 .text.FS__SB_Flush
                0x0001e0b6        0x8 ..\src\emFile_V322c\LinkLibrary\PSoC5\GCC\libemf16noslfn.a(FS_Misc.o)
                0x0001e0b6                FS__SB_Flush
 .text.FS__SB_Read
                0x0001e0be       0x2a ..\src\emFile_V322c\LinkLibrary\PSoC5\GCC\libemf16noslfn.a(FS_Misc.o)
                0x0001e0be                FS__SB_Read
 .text.FS__Read
                0x0001e0e8       0x2e ..\src\emFile_V322c\LinkLibrary\PSoC5\GCC\libemf16noslfn.a(FS_Read.o)
                0x0001e0e8                FS__Read
 .text.FS__AddPhysDevice
                0x0001e116       0x10 ..\src\emFile_V322c\LinkLibrary\PSoC5\GCC\libemf16noslfn.a(FS_Storage.o)
                0x0001e116                FS__AddPhysDevice
 *fill*         0x0001e126        0x2 
 .text.FS__FindVolume
                0x0001e128       0x78 ..\src\emFile_V322c\LinkLibrary\PSoC5\GCC\libemf16noslfn.a(FS_Storage.o)
                0x0001e128                FS__FindVolume
 .text.FS__AddDevice
                0x0001e1a0       0x68 ..\src\emFile_V322c\LinkLibrary\PSoC5\GCC\libemf16noslfn.a(FS_Storage.o)
                0x0001e1a0                FS__AddDevice
 .text.FS_AddDevice
                0x0001e208        0x4 ..\src\emFile_V322c\LinkLibrary\PSoC5\GCC\libemf16noslfn.a(FS_Storage.o)
                0x0001e208                FS_AddDevice
 .text._Mount   0x0001e20c       0x2e ..\src\emFile_V322c\LinkLibrary\PSoC5\GCC\libemf16noslfn.a(FS_Volume.o)
 .text.FS__AutoMount
                0x0001e23a       0x14 ..\src\emFile_V322c\LinkLibrary\PSoC5\GCC\libemf16noslfn.a(FS_Volume.o)
                0x0001e23a                FS__AutoMount
 .text.FS__Write
                0x0001e24e       0x3a ..\src\emFile_V322c\LinkLibrary\PSoC5\GCC\libemf16noslfn.a(FS_Write.o)
                0x0001e24e                FS__Write
 .text.FS_Write
                0x0001e288        0x4 ..\src\emFile_V322c\LinkLibrary\PSoC5\GCC\libemf16noslfn.a(FS_Write.o)
                0x0001e288                FS_Write
 .text.FS_FAT_CloseDir
                0x0001e28c        0xc ..\src\emFile_V322c\LinkLibrary\PSoC5\GCC\libemf16noslfn.a(FAT_Dir.o)
                0x0001e28c                FS_FAT_CloseDir
 .text.FS_FAT_ReadDir
                0x0001e298       0x38 ..\src\emFile_V322c\LinkLibrary\PSoC5\GCC\libemf16noslfn.a(FAT_Dir.o)
                0x0001e298                FS_FAT_ReadDir
 .text.FS_FAT_OpenDir